stm32f3xx_hal_hrtim.c:538:19:HAL_HRTIM_Init	32	static
stm32f3xx_hal_hrtim.c:681:19:HAL_HRTIM_DeInit	16	static
stm32f3xx_hal_hrtim.c:717:13:HAL_HRTIM_MspInit	16	static
stm32f3xx_hal_hrtim.c:732:13:HAL_HRTIM_MspDeInit	16	static
stm32f3xx_hal_hrtim.c:757:19:HAL_HRTIM_DLLCalibrationStart	16	static
stm32f3xx_hal_hrtim.c:804:19:HAL_HRTIM_DLLCalibrationStart_IT	16	static
stm32f3xx_hal_hrtim.c:842:19:HAL_HRTIM_PollForDLLCalibration	24	static
stm32f3xx_hal_hrtim.c:891:19:HAL_HRTIM_TimeBaseConfig	24	static
stm32f3xx_hal_hrtim.c:962:19:HAL_HRTIM_SimpleBaseStart	16	static
stm32f3xx_hal_hrtim.c:997:19:HAL_HRTIM_SimpleBaseStop	16	static
stm32f3xx_hal_hrtim.c:1033:19:HAL_HRTIM_SimpleBaseStart_IT	16	static
stm32f3xx_hal_hrtim.c:1079:19:HAL_HRTIM_SimpleBaseStop_IT	16	static
stm32f3xx_hal_hrtim.c:1128:19:HAL_HRTIM_SimpleBaseStart_DMA	32	static
stm32f3xx_hal_hrtim.c:1230:19:HAL_HRTIM_SimpleBaseStop_DMA	24	static
stm32f3xx_hal_hrtim.c:1352:19:HAL_HRTIM_SimpleOCChannelConfig	64	static
stm32f3xx_hal_hrtim.c:1520:19:HAL_HRTIM_SimpleOCStart	24	static
stm32f3xx_hal_hrtim.c:1570:19:HAL_HRTIM_SimpleOCStop	24	static
stm32f3xx_hal_hrtim.c:1625:19:HAL_HRTIM_SimpleOCStart_IT	32	static
stm32f3xx_hal_hrtim.c:1684:19:HAL_HRTIM_SimpleOCStop_IT	32	static
stm32f3xx_hal_hrtim.c:1751:19:HAL_HRTIM_SimpleOCStart_DMA	32	static
stm32f3xx_hal_hrtim.c:1858:19:HAL_HRTIM_SimpleOCStop_DMA	32	static
stm32f3xx_hal_hrtim.c:1966:19:HAL_HRTIM_SimplePWMChannelConfig	64	static
stm32f3xx_hal_hrtim.c:2084:19:HAL_HRTIM_SimplePWMStart	24	static
stm32f3xx_hal_hrtim.c:2134:19:HAL_HRTIM_SimplePWMStop	24	static
stm32f3xx_hal_hrtim.c:2185:19:HAL_HRTIM_SimplePWMStart_IT	24	static
stm32f3xx_hal_hrtim.c:2275:19:HAL_HRTIM_SimplePWMStop_IT	24	static
stm32f3xx_hal_hrtim.c:2369:19:HAL_HRTIM_SimplePWMStart_DMA	32	static
stm32f3xx_hal_hrtim.c:2508:19:HAL_HRTIM_SimplePWMStop_DMA	24	static
stm32f3xx_hal_hrtim.c:2632:19:HAL_HRTIM_SimpleCaptureChannelConfig	48	static
stm32f3xx_hal_hrtim.c:2703:19:HAL_HRTIM_SimpleCaptureStart	24	static
stm32f3xx_hal_hrtim.c:2774:19:HAL_HRTIM_SimpleCaptureStop	32	static
stm32f3xx_hal_hrtim.c:2856:19:HAL_HRTIM_SimpleCaptureStart_IT	24	static
stm32f3xx_hal_hrtim.c:2934:19:HAL_HRTIM_SimpleCaptureStop_IT	32	static
stm32f3xx_hal_hrtim.c:3027:19:HAL_HRTIM_SimpleCaptureStart_DMA	32	static
stm32f3xx_hal_hrtim.c:3140:19:HAL_HRTIM_SimpleCaptureStop_DMA	32	static
stm32f3xx_hal_hrtim.c:3287:19:HAL_HRTIM_SimpleOnePulseChannelConfig	80	static
stm32f3xx_hal_hrtim.c:3423:19:HAL_HRTIM_SimpleOnePulseStart	24	static
stm32f3xx_hal_hrtim.c:3473:19:HAL_HRTIM_SimpleOnePulseStop	24	static
stm32f3xx_hal_hrtim.c:3524:19:HAL_HRTIM_SimpleOnePulseStart_IT	24	static
stm32f3xx_hal_hrtim.c:3614:19:HAL_HRTIM_SimpleOnePulseStop_IT	24	static
stm32f3xx_hal_hrtim.c:3711:19:HAL_HRTIM_BurstModeConfig	24	static
stm32f3xx_hal_hrtim.c:3791:19:HAL_HRTIM_EventConfig	24	static
stm32f3xx_hal_hrtim.c:3836:19:HAL_HRTIM_EventPrescalerConfig	16	static
stm32f3xx_hal_hrtim.c:3878:19:HAL_HRTIM_FaultConfig	32	static
stm32f3xx_hal_hrtim.c:4003:19:HAL_HRTIM_FaultPrescalerConfig	16	static
stm32f3xx_hal_hrtim.c:4046:6:HAL_HRTIM_FaultModeCtl	24	static
stm32f3xx_hal_hrtim.c:4090:19:HAL_HRTIM_ADCTriggerConfig	32	static
stm32f3xx_hal_hrtim.c:4242:19:HAL_HRTIM_WaveformTimerConfig	24	static
stm32f3xx_hal_hrtim.c:4343:19:HAL_HRTIM_TimerEventFilteringConfig	24	static
stm32f3xx_hal_hrtim.c:4473:19:HAL_HRTIM_DeadTimeConfig	32	static
stm32f3xx_hal_hrtim.c:4538:19:HAL_HRTIM_ChopperModeConfig	32	static
stm32f3xx_hal_hrtim.c:4615:19:HAL_HRTIM_BurstDMAConfig	24	static
stm32f3xx_hal_hrtim.c:4722:19:HAL_HRTIM_WaveformCompareConfig	24	static
stm32f3xx_hal_hrtim.c:4923:19:HAL_HRTIM_WaveformCaptureConfig	24	static
stm32f3xx_hal_hrtim.c:5009:19:HAL_HRTIM_WaveformOutputConfig	24	static
stm32f3xx_hal_hrtim.c:5077:19:HAL_HRTIM_WaveformSetOutputLevel	24	static
stm32f3xx_hal_hrtim.c:5179:19:HAL_HRTIM_WaveformOutputStart	16	static
stm32f3xx_hal_hrtim.c:5219:19:HAL_HRTIM_WaveformOutputStop	16	static
stm32f3xx_hal_hrtim.c:5255:19:HAL_HRTIM_WaveformCountStart	16	static
stm32f3xx_hal_hrtim.c:5292:19:HAL_HRTIM_WaveformCountStop	16	static
stm32f3xx_hal_hrtim.c:5332:19:HAL_HRTIM_WaveformCountStart_IT	24	static
stm32f3xx_hal_hrtim.c:5394:19:HAL_HRTIM_WaveformCountStop_IT	24	static
stm32f3xx_hal_hrtim.c:5466:19:HAL_HRTIM_WaveformCountStart_DMA	32	static
stm32f3xx_hal_hrtim.c:5587:19:HAL_HRTIM_WaveformCountStop_DMA	24	static
stm32f3xx_hal_hrtim.c:5662:19:HAL_HRTIM_BurstModeCtl	16	static
stm32f3xx_hal_hrtim.c:5694:19:HAL_HRTIM_BurstModeSoftwareTrigger	16	static
stm32f3xx_hal_hrtim.c:5735:19:HAL_HRTIM_SoftwareCapture	24	static
stm32f3xx_hal_hrtim.c:5807:19:HAL_HRTIM_SoftwareUpdate	16	static
stm32f3xx_hal_hrtim.c:5849:19:HAL_HRTIM_SoftwareReset	16	static
stm32f3xx_hal_hrtim.c:5900:19:HAL_HRTIM_BurstDMATransfer	32	static
stm32f3xx_hal_hrtim.c:5984:19:HAL_HRTIM_UpdateEnable	16	static
stm32f3xx_hal_hrtim.c:6020:19:HAL_HRTIM_UpdateDisable	16	static
stm32f3xx_hal_hrtim.c:6072:24:HAL_HRTIM_GetState	16	static
stm32f3xx_hal_hrtim.c:6094:10:HAL_HRTIM_GetCapturedValue	32	static
stm32f3xx_hal_hrtim.c:6162:10:HAL_HRTIM_WaveformGetOutputLevel	32	static
stm32f3xx_hal_hrtim.c:6251:10:HAL_HRTIM_WaveformGetOutputState	32	static
stm32f3xx_hal_hrtim.c:6387:10:HAL_HRTIM_GetDelayedProtectionStatus	32	static
stm32f3xx_hal_hrtim.c:6461:10:HAL_HRTIM_GetBurstStatus	24	static
stm32f3xx_hal_hrtim.c:6484:10:HAL_HRTIM_GetCurrentPushPullStatus	24	static
stm32f3xx_hal_hrtim.c:6512:10:HAL_HRTIM_GetIdlePushPullStatus	24	static
stm32f3xx_hal_hrtim.c:6599:6:HAL_HRTIM_IRQHandler	16	static
stm32f3xx_hal_hrtim.c:6625:13:HAL_HRTIM_Fault1Callback	16	static
stm32f3xx_hal_hrtim.c:6640:13:HAL_HRTIM_Fault2Callback	16	static
stm32f3xx_hal_hrtim.c:6655:13:HAL_HRTIM_Fault3Callback	16	static
stm32f3xx_hal_hrtim.c:6670:13:HAL_HRTIM_Fault4Callback	16	static
stm32f3xx_hal_hrtim.c:6685:13:HAL_HRTIM_Fault5Callback	16	static
stm32f3xx_hal_hrtim.c:6700:13:HAL_HRTIM_SystemFaultCallback	16	static
stm32f3xx_hal_hrtim.c:6715:13:HAL_HRTIM_DLLCalibrationReadyCallback	16	static
stm32f3xx_hal_hrtim.c:6730:13:HAL_HRTIM_BurstModePeriodCallback	16	static
stm32f3xx_hal_hrtim.c:6745:13:HAL_HRTIM_SynchronizationEventCallback	16	static
stm32f3xx_hal_hrtim.c:6768:13:HAL_HRTIM_RegistersUpdateCallback	16	static
stm32f3xx_hal_hrtim.c:6793:13:HAL_HRTIM_RepetitionEventCallback	16	static
stm32f3xx_hal_hrtim.c:6819:13:HAL_HRTIM_Compare1EventCallback	16	static
stm32f3xx_hal_hrtim.c:6845:13:HAL_HRTIM_Compare2EventCallback	16	static
stm32f3xx_hal_hrtim.c:6871:13:HAL_HRTIM_Compare3EventCallback	16	static
stm32f3xx_hal_hrtim.c:6897:13:HAL_HRTIM_Compare4EventCallback	16	static
stm32f3xx_hal_hrtim.c:6921:13:HAL_HRTIM_Capture1EventCallback	16	static
stm32f3xx_hal_hrtim.c:6945:13:HAL_HRTIM_Capture2EventCallback	16	static
stm32f3xx_hal_hrtim.c:6970:13:HAL_HRTIM_DelayedProtectionCallback	16	static
stm32f3xx_hal_hrtim.c:6995:13:HAL_HRTIM_CounterResetCallback	16	static
stm32f3xx_hal_hrtim.c:7019:13:HAL_HRTIM_Output1SetCallback	16	static
stm32f3xx_hal_hrtim.c:7043:13:HAL_HRTIM_Output1ResetCallback	16	static
stm32f3xx_hal_hrtim.c:7067:13:HAL_HRTIM_Output2SetCallback	16	static
stm32f3xx_hal_hrtim.c:7091:13:HAL_HRTIM_Output2ResetCallback	16	static
stm32f3xx_hal_hrtim.c:7116:13:HAL_HRTIM_BurstDMATransferCallback	16	static
stm32f3xx_hal_hrtim.c:7133:13:HAL_HRTIM_ErrorCallback	16	static
stm32f3xx_hal_hrtim.c:7666:13:HRTIM_MasterBase_Config	24	static
stm32f3xx_hal_hrtim.c:7695:13:HRTIM_TimingUnitBase_Config	32	static
stm32f3xx_hal_hrtim.c:7724:13:HRTIM_MasterWaveform_Config	24	static
stm32f3xx_hal_hrtim.c:7778:14:HRTIM_TimingUnitWaveform_Config	48	static
stm32f3xx_hal_hrtim.c:7929:13:HRTIM_CaptureUnitConfig	32	static
stm32f3xx_hal_hrtim.c:8029:14:HRTIM_OutputConfig	40	static
stm32f3xx_hal_hrtim.c:8120:13:HRTIM_EventConfig	40	static
stm32f3xx_hal_hrtim.c:8296:13:HRTIM_TIM_ResetConfig	24	static
stm32f3xx_hal_hrtim.c:8386:17:HRTIM_GetITFromOCMode	40	static
stm32f3xx_hal_hrtim.c:8492:17:HRTIM_GetDMAFromOCMode	40	static
stm32f3xx_hal_hrtim.c:8579:28:HRTIM_GetDMAHandleFromTimerIdx	24	static
stm32f3xx_hal_hrtim.c:8629:17:GetTimerIdxFromDMAHandle	24	static
stm32f3xx_hal_hrtim.c:8672:13:HRTIM_ForceRegistersUpdate	16	static
stm32f3xx_hal_hrtim.c:8724:13:HRTIM_HRTIM_ISR	16	static
stm32f3xx_hal_hrtim.c:8828:13:HRTIM_Master_ISR	16	static
stm32f3xx_hal_hrtim.c:8993:13:HRTIM_Timer_ISR	16	static
stm32f3xx_hal_hrtim.c:9226:13:HRTIM_DMAMasterCplt	24	static
stm32f3xx_hal_hrtim.c:9297:13:HRTIM_DMATimerxCplt	24	static
stm32f3xx_hal_hrtim.c:9430:13:HRTIM_DMAError	24	static
stm32f3xx_hal_hrtim.c:9446:13:HRTIM_BurstDMACplt	24	static
