Archive member included to satisfy reference by file (symbol)

../Lib/libarm_cortexM4lf_math.a(arm_pid_init_f32.o)
                              Core/Src/main.o (arm_pid_init_f32)
../Lib/libarm_cortexM4lf_math.a(arm_sub_f32.o)
                              Core/Src/main.o (arm_sub_f32)
../Lib/libarm_cortexM4lf_math.a(arm_mult_f32.o)
                              Core/Src/main.o (arm_mult_f32)
/opt/st/stm32cubeide_1.4.0/plugins/com.st.stm32cube.ide.mcu.externaltools.gnu-tools-for-stm32.7-2018-q2-update.linux64_1.4.0.202007081208/tools/bin/../lib/gcc/arm-none-eabi/7.3.1/../../../../arm-none-eabi/lib/thumb/v7e-m/fpv4-sp/hard/libc_nano.a(lib_a-errno.o)
                              Core/Src/syscalls.o (__errno)
/opt/st/stm32cubeide_1.4.0/plugins/com.st.stm32cube.ide.mcu.externaltools.gnu-tools-for-stm32.7-2018-q2-update.linux64_1.4.0.202007081208/tools/bin/../lib/gcc/arm-none-eabi/7.3.1/../../../../arm-none-eabi/lib/thumb/v7e-m/fpv4-sp/hard/libc_nano.a(lib_a-exit.o)
                              /opt/st/stm32cubeide_1.4.0/plugins/com.st.stm32cube.ide.mcu.externaltools.gnu-tools-for-stm32.7-2018-q2-update.linux64_1.4.0.202007081208/tools/bin/../lib/gcc/arm-none-eabi/7.3.1/../../../../arm-none-eabi/lib/thumb/v7e-m/fpv4-sp/hard/crt0.o (exit)
/opt/st/stm32cubeide_1.4.0/plugins/com.st.stm32cube.ide.mcu.externaltools.gnu-tools-for-stm32.7-2018-q2-update.linux64_1.4.0.202007081208/tools/bin/../lib/gcc/arm-none-eabi/7.3.1/../../../../arm-none-eabi/lib/thumb/v7e-m/fpv4-sp/hard/libc_nano.a(lib_a-impure.o)
                              /opt/st/stm32cubeide_1.4.0/plugins/com.st.stm32cube.ide.mcu.externaltools.gnu-tools-for-stm32.7-2018-q2-update.linux64_1.4.0.202007081208/tools/bin/../lib/gcc/arm-none-eabi/7.3.1/../../../../arm-none-eabi/lib/thumb/v7e-m/fpv4-sp/hard/libc_nano.a(lib_a-exit.o) (_global_impure_ptr)
/opt/st/stm32cubeide_1.4.0/plugins/com.st.stm32cube.ide.mcu.externaltools.gnu-tools-for-stm32.7-2018-q2-update.linux64_1.4.0.202007081208/tools/bin/../lib/gcc/arm-none-eabi/7.3.1/../../../../arm-none-eabi/lib/thumb/v7e-m/fpv4-sp/hard/libc_nano.a(lib_a-init.o)
                              /opt/st/stm32cubeide_1.4.0/plugins/com.st.stm32cube.ide.mcu.externaltools.gnu-tools-for-stm32.7-2018-q2-update.linux64_1.4.0.202007081208/tools/bin/../lib/gcc/arm-none-eabi/7.3.1/../../../../arm-none-eabi/lib/thumb/v7e-m/fpv4-sp/hard/crt0.o (__libc_init_array)
/opt/st/stm32cubeide_1.4.0/plugins/com.st.stm32cube.ide.mcu.externaltools.gnu-tools-for-stm32.7-2018-q2-update.linux64_1.4.0.202007081208/tools/bin/../lib/gcc/arm-none-eabi/7.3.1/../../../../arm-none-eabi/lib/thumb/v7e-m/fpv4-sp/hard/libc_nano.a(lib_a-memset.o)
                              /opt/st/stm32cubeide_1.4.0/plugins/com.st.stm32cube.ide.mcu.externaltools.gnu-tools-for-stm32.7-2018-q2-update.linux64_1.4.0.202007081208/tools/bin/../lib/gcc/arm-none-eabi/7.3.1/../../../../arm-none-eabi/lib/thumb/v7e-m/fpv4-sp/hard/crt0.o (memset)
/opt/st/stm32cubeide_1.4.0/plugins/com.st.stm32cube.ide.mcu.externaltools.gnu-tools-for-stm32.7-2018-q2-update.linux64_1.4.0.202007081208/tools/bin/../lib/gcc/arm-none-eabi/7.3.1/thumb/v7e-m/fpv4-sp/hard/libgcc.a(_arm_addsubdf3.o)
                              Core/Src/main.o (__aeabi_f2d)
/opt/st/stm32cubeide_1.4.0/plugins/com.st.stm32cube.ide.mcu.externaltools.gnu-tools-for-stm32.7-2018-q2-update.linux64_1.4.0.202007081208/tools/bin/../lib/gcc/arm-none-eabi/7.3.1/thumb/v7e-m/fpv4-sp/hard/libgcc.a(_arm_muldivdf3.o)
                              Core/Src/main.o (__aeabi_dmul)
/opt/st/stm32cubeide_1.4.0/plugins/com.st.stm32cube.ide.mcu.externaltools.gnu-tools-for-stm32.7-2018-q2-update.linux64_1.4.0.202007081208/tools/bin/../lib/gcc/arm-none-eabi/7.3.1/thumb/v7e-m/fpv4-sp/hard/libgcc.a(_arm_truncdfsf2.o)
                              Core/Src/main.o (__aeabi_d2f)

Allocating common symbols
Common symbol       size              file

error_pid           0x4               Core/Src/main.o
valuesADC2          0xc               Core/Src/main.o
hadc2               0x50              Core/Src/main.o
GainADC1            0x10              Core/Src/main.o
valuesADC1          0x10              Core/Src/main.o
ValuesADC1          0x10              Core/Src/main.o
uwTick              0x4               Drivers/STM32F3xx_HAL_Driver/Src/stm32f3xx_hal.o
pFlash              0x20              Drivers/STM32F3xx_HAL_Driver/Src/stm32f3xx_hal_flash.o
ref                 0x4               Core/Src/main.o
htim3               0x40              Core/Src/main.o
hadc1               0x50              Core/Src/main.o
hhrtim1             0xdc              Core/Src/main.o
raw_offsetADC2      0xc               Core/Src/main.o
hdma_adc1           0x44              Core/Src/main.o
rslt_pid            0x4               Core/Src/main.o
raw_offsetADC1      0x10              Core/Src/main.o
convertADC2         0xc               Core/Src/main.o
hspi1               0x64              Core/Src/main.o
huart2              0x80              Core/Src/main.o
[...]
Memory Configuration

Name             Origin             Length             Attributes
CCMRAM           0x0000000010000000 0x0000000000001000 xrw
RAM              0x0000000020000000 0x0000000000003000 xrw
FLASH            0x0000000008000000 0x0000000000010000 xr
*default*        0x0000000000000000 0xffffffffffffffff

Linker script and memory map

LOAD /opt/st/stm32cubeide_1.4.0/plugins/com.st.stm32cube.ide.mcu.externaltools.gnu-tools-for-stm32.7-2018-q2-update.linux64_1.4.0.202007081208/tools/bin/../lib/gcc/arm-none-eabi/7.3.1/thumb/v7e-m/fpv4-sp/hard/crti.o
LOAD /opt/st/stm32cubeide_1.4.0/plugins/com.st.stm32cube.ide.mcu.externaltools.gnu-tools-for-stm32.7-2018-q2-update.linux64_1.4.0.202007081208/tools/bin/../lib/gcc/arm-none-eabi/7.3.1/thumb/v7e-m/fpv4-sp/hard/crtbegin.o
LOAD /opt/st/stm32cubeide_1.4.0/plugins/com.st.stm32cube.ide.mcu.externaltools.gnu-tools-for-stm32.7-2018-q2-update.linux64_1.4.0.202007081208/tools/bin/../lib/gcc/arm-none-eabi/7.3.1/../../../../arm-none-eabi/lib/thumb/v7e-m/fpv4-sp/hard/crt0.o
LOAD Core/Src/main.o
LOAD Core/Src/stm32f3xx_hal_msp.o
LOAD Core/Src/stm32f3xx_it.o
LOAD Core/Src/syscalls.o
LOAD Core/Src/sysmem.o
LOAD Core/Src/system_stm32f3xx.o
LOAD Core/Startup/startup_stm32f334r8tx.o
LOAD Drivers/STM32F3xx_HAL_Driver/Src/stm32f3xx_hal.o
LOAD Drivers/STM32F3xx_HAL_Driver/Src/stm32f3xx_hal_adc.o
LOAD Drivers/STM32F3xx_HAL_Driver/Src/stm32f3xx_hal_adc_ex.o
LOAD Drivers/STM32F3xx_HAL_Driver/Src/stm32f3xx_hal_cortex.o
LOAD Drivers/STM32F3xx_HAL_Driver/Src/stm32f3xx_hal_dma.o
LOAD Drivers/STM32F3xx_HAL_Driver/Src/stm32f3xx_hal_exti.o
LOAD Drivers/STM32F3xx_HAL_Driver/Src/stm32f3xx_hal_flash.o
LOAD Drivers/STM32F3xx_HAL_Driver/Src/stm32f3xx_hal_flash_ex.o
LOAD Drivers/STM32F3xx_HAL_Driver/Src/stm32f3xx_hal_gpio.o
LOAD Drivers/STM32F3xx_HAL_Driver/Src/stm32f3xx_hal_hrtim.o
LOAD Drivers/STM32F3xx_HAL_Driver/Src/stm32f3xx_hal_i2c.o
LOAD Drivers/STM32F3xx_HAL_Driver/Src/stm32f3xx_hal_i2c_ex.o
LOAD Drivers/STM32F3xx_HAL_Driver/Src/stm32f3xx_hal_pwr.o
LOAD Drivers/STM32F3xx_HAL_Driver/Src/stm32f3xx_hal_pwr_ex.o
LOAD Drivers/STM32F3xx_HAL_Driver/Src/stm32f3xx_hal_rcc.o
LOAD Drivers/STM32F3xx_HAL_Driver/Src/stm32f3xx_hal_rcc_ex.o
LOAD Drivers/STM32F3xx_HAL_Driver/Src/stm32f3xx_hal_spi.o
LOAD Drivers/STM32F3xx_HAL_Driver/Src/stm32f3xx_hal_spi_ex.o
LOAD Drivers/STM32F3xx_HAL_Driver/Src/stm32f3xx_hal_tim.o
LOAD Drivers/STM32F3xx_HAL_Driver/Src/stm32f3xx_hal_tim_ex.o
LOAD Drivers/STM32F3xx_HAL_Driver/Src/stm32f3xx_hal_uart.o
LOAD Drivers/STM32F3xx_HAL_Driver/Src/stm32f3xx_hal_uart_ex.o
LOAD ../Lib/libarm_cortexM4lf_math.a
START GROUP
LOAD /opt/st/stm32cubeide_1.4.0/plugins/com.st.stm32cube.ide.mcu.externaltools.gnu-tools-for-stm32.7-2018-q2-update.linux64_1.4.0.202007081208/tools/bin/../lib/gcc/arm-none-eabi/7.3.1/../../../../arm-none-eabi/lib/thumb/v7e-m/fpv4-sp/hard/libc_nano.a
LOAD /opt/st/stm32cubeide_1.4.0/plugins/com.st.stm32cube.ide.mcu.externaltools.gnu-tools-for-stm32.7-2018-q2-update.linux64_1.4.0.202007081208/tools/bin/../lib/gcc/arm-none-eabi/7.3.1/../../../../arm-none-eabi/lib/thumb/v7e-m/fpv4-sp/hard/libm.a
END GROUP
START GROUP
LOAD /opt/st/stm32cubeide_1.4.0/plugins/com.st.stm32cube.ide.mcu.externaltools.gnu-tools-for-stm32.7-2018-q2-update.linux64_1.4.0.202007081208/tools/bin/../lib/gcc/arm-none-eabi/7.3.1/thumb/v7e-m/fpv4-sp/hard/libgcc.a
LOAD /opt/st/stm32cubeide_1.4.0/plugins/com.st.stm32cube.ide.mcu.externaltools.gnu-tools-for-stm32.7-2018-q2-update.linux64_1.4.0.202007081208/tools/bin/../lib/gcc/arm-none-eabi/7.3.1/../../../../arm-none-eabi/lib/thumb/v7e-m/fpv4-sp/hard/libc_nano.a
END GROUP
START GROUP
LOAD /opt/st/stm32cubeide_1.4.0/plugins/com.st.stm32cube.ide.mcu.externaltools.gnu-tools-for-stm32.7-2018-q2-update.linux64_1.4.0.202007081208/tools/bin/../lib/gcc/arm-none-eabi/7.3.1/thumb/v7e-m/fpv4-sp/hard/libgcc.a
LOAD /opt/st/stm32cubeide_1.4.0/plugins/com.st.stm32cube.ide.mcu.externaltools.gnu-tools-for-stm32.7-2018-q2-update.linux64_1.4.0.202007081208/tools/bin/../lib/gcc/arm-none-eabi/7.3.1/../../../../arm-none-eabi/lib/thumb/v7e-m/fpv4-sp/hard/libc_nano.a
LOAD /opt/st/stm32cubeide_1.4.0/plugins/com.st.stm32cube.ide.mcu.externaltools.gnu-tools-for-stm32.7-2018-q2-update.linux64_1.4.0.202007081208/tools/bin/../lib/gcc/arm-none-eabi/7.3.1/../../../../arm-none-eabi/lib/thumb/v7e-m/fpv4-sp/hard/libnosys.a
END GROUP
START GROUP
LOAD /opt/st/stm32cubeide_1.4.0/plugins/com.st.stm32cube.ide.mcu.externaltools.gnu-tools-for-stm32.7-2018-q2-update.linux64_1.4.0.202007081208/tools/bin/../lib/gcc/arm-none-eabi/7.3.1/thumb/v7e-m/fpv4-sp/hard/libgcc.a
LOAD /opt/st/stm32cubeide_1.4.0/plugins/com.st.stm32cube.ide.mcu.externaltools.gnu-tools-for-stm32.7-2018-q2-update.linux64_1.4.0.202007081208/tools/bin/../lib/gcc/arm-none-eabi/7.3.1/../../../../arm-none-eabi/lib/thumb/v7e-m/fpv4-sp/hard/libc_nano.a
LOAD /opt/st/stm32cubeide_1.4.0/plugins/com.st.stm32cube.ide.mcu.externaltools.gnu-tools-for-stm32.7-2018-q2-update.linux64_1.4.0.202007081208/tools/bin/../lib/gcc/arm-none-eabi/7.3.1/../../../../arm-none-eabi/lib/thumb/v7e-m/fpv4-sp/hard/libnosys.a
END GROUP
LOAD /opt/st/stm32cubeide_1.4.0/plugins/com.st.stm32cube.ide.mcu.externaltools.gnu-tools-for-stm32.7-2018-q2-update.linux64_1.4.0.202007081208/tools/bin/../lib/gcc/arm-none-eabi/7.3.1/thumb/v7e-m/fpv4-sp/hard/crtend.o
LOAD /opt/st/stm32cubeide_1.4.0/plugins/com.st.stm32cube.ide.mcu.externaltools.gnu-tools-for-stm32.7-2018-q2-update.linux64_1.4.0.202007081208/tools/bin/../lib/gcc/arm-none-eabi/7.3.1/thumb/v7e-m/fpv4-sp/hard/crtn.o
                0x0000000020003000                _estack = (ORIGIN (RAM) + LENGTH (RAM))
                0x0000000000000200                _Min_Heap_Size = 0x200
                0x0000000000000400                _Min_Stack_Size = 0x400

.isr_vector     0x0000000008000000      0x188
                0x0000000008000000                . = ALIGN (0x4)
 *(.isr_vector)
 .isr_vector    0x0000000008000000      0x188 Core/Startup/startup_stm32f334r8tx.o
                0x0000000008000000                g_pfnVectors
                0x0000000008000188                . = ALIGN (0x4)

.text           0x0000000008000188     0x696c
                0x0000000008000188                . = ALIGN (0x4)
 *(.text)
 .text          0x0000000008000188       0x40 /opt/st/stm32cubeide_1.4.0/plugins/com.st.stm32cube.ide.mcu.externaltools.gnu-tools-for-stm32.7-2018-q2-update.linux64_1.4.0.202007081208/tools/bin/../lib/gcc/arm-none-eabi/7.3.1/thumb/v7e-m/fpv4-sp/hard/crtbegin.o
 .text          0x00000000080001c8      0x378 /opt/st/stm32cubeide_1.4.0/plugins/com.st.stm32cube.ide.mcu.externaltools.gnu-tools-for-stm32.7-2018-q2-update.linux64_1.4.0.202007081208/tools/bin/../lib/gcc/arm-none-eabi/7.3.1/thumb/v7e-m/fpv4-sp/hard/libgcc.a(_arm_addsubdf3.o)
                0x00000000080001c8                __aeabi_drsub
                0x00000000080001d0                __aeabi_dsub
                0x00000000080001d0                __subdf3
                0x00000000080001d4                __adddf3
                0x00000000080001d4                __aeabi_dadd
                0x000000000800044c                __aeabi_ui2d
                0x000000000800044c                __floatunsidf
                0x000000000800046c                __floatsidf
                0x000000000800046c                __aeabi_i2d
                0x0000000008000490                __extendsfdf2
                0x0000000008000490                __aeabi_f2d
                0x00000000080004d4                __aeabi_ul2d
                0x00000000080004d4                __floatundidf
                0x00000000080004e4                __floatdidf
                0x00000000080004e4                __aeabi_l2d
 .text          0x0000000008000540      0x424 /opt/st/stm32cubeide_1.4.0/plugins/com.st.stm32cube.ide.mcu.externaltools.gnu-tools-for-stm32.7-2018-q2-update.linux64_1.4.0.202007081208/tools/bin/../lib/gcc/arm-none-eabi/7.3.1/thumb/v7e-m/fpv4-sp/hard/libgcc.a(_arm_muldivdf3.o)
                0x0000000008000540                __aeabi_dmul
                0x0000000008000540                __muldf3
                0x0000000008000794                __aeabi_ddiv
                0x0000000008000794                __divdf3
 .text          0x0000000008000964       0xa0 /opt/st/stm32cubeide_1.4.0/plugins/com.st.stm32cube.ide.mcu.externaltools.gnu-tools-for-stm32.7-2018-q2-update.linux64_1.4.0.202007081208/tools/bin/../lib/gcc/arm-none-eabi/7.3.1/thumb/v7e-m/fpv4-sp/hard/libgcc.a(_arm_truncdfsf2.o)
                0x0000000008000964                __aeabi_d2f
                0x0000000008000964                __truncdfsf2
 *(.text*)
 *fill*         0x0000000008000a04        0x4 
 .text.main     0x0000000008000a08      0x338 Core/Src/main.o
                0x0000000008000a08                main
 .text.SystemClock_Config
                0x0000000008000d40       0xba Core/Src/main.o
                0x0000000008000d40                SystemClock_Config
 *fill*         0x0000000008000dfa        0x2 
 .text.MX_ADC1_Init
                0x0000000008000dfc      0x134 Core/Src/main.o
 .text.MX_ADC2_Init
                0x0000000008000f30       0xf4 Core/Src/main.o
 .text.MX_HRTIM1_Init
                0x0000000008001024      0x2f8 Core/Src/main.o
 .text.MX_SPI1_Init
                0x000000000800131c       0x7c Core/Src/main.o
 .text.MX_TIM3_Init
                0x0000000008001398       0x9c Core/Src/main.o
 .text.MX_USART2_UART_Init
                0x0000000008001434       0x60 Core/Src/main.o
 .text.MX_DMA_Init
                0x0000000008001494       0x4c Core/Src/main.o
 .text.MX_GPIO_Init
                0x00000000080014e0       0xd0 Core/Src/main.o
 .text.HAL_TIM_PeriodElapsedCallback
                0x00000000080015b0       0x84 Core/Src/main.o
                0x00000000080015b0                HAL_TIM_PeriodElapsedCallback
 .text.Error_Handler
                0x0000000008001634        0xe Core/Src/main.o
                0x0000000008001634                Error_Handler
 *fill*         0x0000000008001642        0x2 
 .text.HAL_MspInit
                0x0000000008001644       0x48 Core/Src/stm32f3xx_hal_msp.o
                0x0000000008001644                HAL_MspInit
 .text.HAL_ADC_MspInit
                0x000000000800168c      0x214 Core/Src/stm32f3xx_hal_msp.o
                0x000000000800168c                HAL_ADC_MspInit
 .text.HAL_HRTIM_MspInit
                0x00000000080018a0       0x40 Core/Src/stm32f3xx_hal_msp.o
                0x00000000080018a0                HAL_HRTIM_MspInit
 .text.HAL_HRTIM_MspPostInit
                0x00000000080018e0       0x70 Core/Src/stm32f3xx_hal_msp.o
                0x00000000080018e0                HAL_HRTIM_MspPostInit
 .text.HAL_SPI_MspInit
                0x0000000008001950       0xc4 Core/Src/stm32f3xx_hal_msp.o
                0x0000000008001950                HAL_SPI_MspInit
 .text.HAL_TIM_Base_MspInit
                0x0000000008001a14       0x4c Core/Src/stm32f3xx_hal_msp.o
                0x0000000008001a14                HAL_TIM_Base_MspInit
 .text.HAL_UART_MspInit
                0x0000000008001a60       0x84 Core/Src/stm32f3xx_hal_msp.o
                0x0000000008001a60                HAL_UART_MspInit
 .text.NMI_Handler
                0x0000000008001ae4        0xe Core/Src/stm32f3xx_it.o
                0x0000000008001ae4                NMI_Handler
 .text.HardFault_Handler
                0x0000000008001af2        0x6 Core/Src/stm32f3xx_it.o
                0x0000000008001af2                HardFault_Handler
 .text.MemManage_Handler
                0x0000000008001af8        0x6 Core/Src/stm32f3xx_it.o
                0x0000000008001af8                MemManage_Handler
 .text.BusFault_Handler
                0x0000000008001afe        0x6 Core/Src/stm32f3xx_it.o
                0x0000000008001afe                BusFault_Handler
 .text.UsageFault_Handler
                0x0000000008001b04        0x6 Core/Src/stm32f3xx_it.o
                0x0000000008001b04                UsageFault_Handler
 .text.SVC_Handler
                0x0000000008001b0a        0xe Core/Src/stm32f3xx_it.o
                0x0000000008001b0a                SVC_Handler
 .text.DebugMon_Handler
                0x0000000008001b18        0xe Core/Src/stm32f3xx_it.o
                0x0000000008001b18                DebugMon_Handler
 .text.PendSV_Handler
                0x0000000008001b26        0xe Core/Src/stm32f3xx_it.o
                0x0000000008001b26                PendSV_Handler
 .text.SysTick_Handler
                0x0000000008001b34        0xc Core/Src/stm32f3xx_it.o
                0x0000000008001b34                SysTick_Handler
 .text.DMA1_Channel1_IRQHandler
                0x0000000008001b40       0x14 Core/Src/stm32f3xx_it.o
                0x0000000008001b40                DMA1_Channel1_IRQHandler
 .text.DMA1_Channel2_IRQHandler
                0x0000000008001b54       0x14 Core/Src/stm32f3xx_it.o
                0x0000000008001b54                DMA1_Channel2_IRQHandler
 .text.TIM3_IRQHandler
                0x0000000008001b68       0x14 Core/Src/stm32f3xx_it.o
                0x0000000008001b68                TIM3_IRQHandler
 .text.SystemInit
                0x0000000008001b7c       0x2c Core/Src/system_stm32f3xx.o
                0x0000000008001b7c                SystemInit
 .text.Reset_Handler
                0x0000000008001ba8       0x50 Core/Startup/startup_stm32f334r8tx.o
                0x0000000008001ba8                Reset_Handler
 .text.Default_Handler
                0x0000000008001bf8        0x2 Core/Startup/startup_stm32f334r8tx.o
                0x0000000008001bf8                RTC_Alarm_IRQHandler
                0x0000000008001bf8                HRTIM1_Master_IRQHandler
                0x0000000008001bf8                TIM1_CC_IRQHandler
                0x0000000008001bf8                HRTIM1_FLT_IRQHandler
                0x0000000008001bf8                PVD_IRQHandler
                0x0000000008001bf8                HRTIM1_TIMD_IRQHandler
                0x0000000008001bf8                TAMP_STAMP_IRQHandler
                0x0000000008001bf8                EXTI3_IRQHandler
                0x0000000008001bf8                EXTI0_IRQHandler
                0x0000000008001bf8                FPU_IRQHandler
                0x0000000008001bf8                CAN_TX_IRQHandler
                0x0000000008001bf8                TIM1_UP_TIM16_IRQHandler
                0x0000000008001bf8                ADC1_2_IRQHandler
                0x0000000008001bf8                HRTIM1_TIME_IRQHandler
                0x0000000008001bf8                SPI1_IRQHandler
                0x0000000008001bf8                CAN_SCE_IRQHandler
                0x0000000008001bf8                HRTIM1_TIMC_IRQHandler
                0x0000000008001bf8                DMA1_Channel4_IRQHandler
                0x0000000008001bf8                USART3_IRQHandler
                0x0000000008001bf8                DMA1_Channel7_IRQHandler
                0x0000000008001bf8                TIM7_DAC2_IRQHandler
                0x0000000008001bf8                CAN_RX1_IRQHandler
                0x0000000008001bf8                I2C1_EV_IRQHandler
                0x0000000008001bf8                DMA1_Channel6_IRQHandler
                0x0000000008001bf8                RCC_IRQHandler
                0x0000000008001bf8                Default_Handler
                0x0000000008001bf8                EXTI15_10_IRQHandler
                0x0000000008001bf8                COMP2_IRQHandler
                0x0000000008001bf8                HRTIM1_TIMA_IRQHandler
                0x0000000008001bf8                TIM6_DAC1_IRQHandler
                0x0000000008001bf8                EXTI9_5_IRQHandler
                0x0000000008001bf8                RTC_WKUP_IRQHandler
                0x0000000008001bf8                DMA1_Channel5_IRQHandler
                0x0000000008001bf8                EXTI4_IRQHandler
                0x0000000008001bf8                HRTIM1_TIMB_IRQHandler
                0x0000000008001bf8                TIM1_TRG_COM_TIM17_IRQHandler
                0x0000000008001bf8                DMA1_Channel3_IRQHandler
                0x0000000008001bf8                WWDG_IRQHandler
                0x0000000008001bf8                TIM2_IRQHandler
                0x0000000008001bf8                EXTI1_IRQHandler
                0x0000000008001bf8                COMP4_6_IRQHandler
                0x0000000008001bf8                USART2_IRQHandler
                0x0000000008001bf8                FLASH_IRQHandler
                0x0000000008001bf8                USART1_IRQHandler
                0x0000000008001bf8                CAN_RX0_IRQHandler
                0x0000000008001bf8                I2C1_ER_IRQHandler
                0x0000000008001bf8                EXTI2_TSC_IRQHandler
                0x0000000008001bf8                TIM1_BRK_TIM15_IRQHandler
 *fill*         0x0000000008001bfa        0x2 
 .text.HAL_Init
                0x0000000008001bfc       0x2c Drivers/STM32F3xx_HAL_Driver/Src/stm32f3xx_hal.o
                0x0000000008001bfc                HAL_Init
 .text.HAL_InitTick
                0x0000000008001c28       0x60 Drivers/STM32F3xx_HAL_Driver/Src/stm32f3xx_hal.o
                0x0000000008001c28                HAL_InitTick
 .text.HAL_IncTick
                0x0000000008001c88       0x28 Drivers/STM32F3xx_HAL_Driver/Src/stm32f3xx_hal.o
                0x0000000008001c88                HAL_IncTick
 .text.HAL_GetTick
                0x0000000008001cb0       0x18 Drivers/STM32F3xx_HAL_Driver/Src/stm32f3xx_hal.o
                0x0000000008001cb0                HAL_GetTick
 .text.HAL_ADC_ConvCpltCallback
                0x0000000008001cc8       0x14 Drivers/STM32F3xx_HAL_Driver/Src/stm32f3xx_hal_adc.o
                0x0000000008001cc8                HAL_ADC_ConvCpltCallback
 .text.HAL_ADC_ConvHalfCpltCallback
                0x0000000008001cdc       0x14 Drivers/STM32F3xx_HAL_Driver/Src/stm32f3xx_hal_adc.o
                0x0000000008001cdc                HAL_ADC_ConvHalfCpltCallback
 .text.HAL_ADC_ErrorCallback
                0x0000000008001cf0       0x14 Drivers/STM32F3xx_HAL_Driver/Src/stm32f3xx_hal_adc.o
                0x0000000008001cf0                HAL_ADC_ErrorCallback
 .text.HAL_ADC_Init
                0x0000000008001d04      0x324 Drivers/STM32F3xx_HAL_Driver/Src/stm32f3xx_hal_adc_ex.o
                0x0000000008001d04                HAL_ADC_Init
 .text.HAL_ADC_Start_DMA
                0x0000000008002028      0x1b4 Drivers/STM32F3xx_HAL_Driver/Src/stm32f3xx_hal_adc_ex.o
                0x0000000008002028                HAL_ADC_Start_DMA
 .text.HAL_ADC_Stop_DMA
                0x00000000080021dc       0xb8 Drivers/STM32F3xx_HAL_Driver/Src/stm32f3xx_hal_adc_ex.o
                0x00000000080021dc                HAL_ADC_Stop_DMA
 .text.HAL_ADC_ConfigChannel
                0x0000000008002294      0x584 Drivers/STM32F3xx_HAL_Driver/Src/stm32f3xx_hal_adc_ex.o
                0x0000000008002294                HAL_ADC_ConfigChannel
 .text.HAL_ADCEx_MultiModeConfigChannel
                0x0000000008002818      0x18c Drivers/STM32F3xx_HAL_Driver/Src/stm32f3xx_hal_adc_ex.o
                0x0000000008002818                HAL_ADCEx_MultiModeConfigChannel
 .text.ADC_DMAConvCplt
                0x00000000080029a4       0x7a Drivers/STM32F3xx_HAL_Driver/Src/stm32f3xx_hal_adc_ex.o
 .text.ADC_DMAHalfConvCplt
                0x0000000008002a1e       0x1c Drivers/STM32F3xx_HAL_Driver/Src/stm32f3xx_hal_adc_ex.o
 .text.ADC_DMAError
                0x0000000008002a3a       0x34 Drivers/STM32F3xx_HAL_Driver/Src/stm32f3xx_hal_adc_ex.o
 *fill*         0x0000000008002a6e        0x2 
 .text.ADC_Enable
                0x0000000008002a70       0xbc Drivers/STM32F3xx_HAL_Driver/Src/stm32f3xx_hal_adc_ex.o
 .text.ADC_Disable
                0x0000000008002b2c       0xbe Drivers/STM32F3xx_HAL_Driver/Src/stm32f3xx_hal_adc_ex.o
 *fill*         0x0000000008002bea        0x2 
 .text.ADC_ConversionStop
                0x0000000008002bec      0x15c Drivers/STM32F3xx_HAL_Driver/Src/stm32f3xx_hal_adc_ex.o
 .text.__NVIC_SetPriorityGrouping
                0x0000000008002d48       0x48 Drivers/STM32F3xx_HAL_Driver/Src/stm32f3xx_hal_cortex.o
 .text.__NVIC_GetPriorityGrouping
                0x0000000008002d90       0x1c Drivers/STM32F3xx_HAL_Driver/Src/stm32f3xx_hal_cortex.o
 .text.__NVIC_EnableIRQ
                0x0000000008002dac       0x3c Drivers/STM32F3xx_HAL_Driver/Src/stm32f3xx_hal_cortex.o
 .text.__NVIC_SetPriority
                0x0000000008002de8       0x54 Drivers/STM32F3xx_HAL_Driver/Src/stm32f3xx_hal_cortex.o
 .text.NVIC_EncodePriority
                0x0000000008002e3c       0x66 Drivers/STM32F3xx_HAL_Driver/Src/stm32f3xx_hal_cortex.o
 *fill*         0x0000000008002ea2        0x2 
 .text.SysTick_Config
                0x0000000008002ea4       0x44 Drivers/STM32F3xx_HAL_Driver/Src/stm32f3xx_hal_cortex.o
 .text.HAL_NVIC_SetPriorityGrouping
                0x0000000008002ee8       0x16 Drivers/STM32F3xx_HAL_Driver/Src/stm32f3xx_hal_cortex.o
                0x0000000008002ee8                HAL_NVIC_SetPriorityGrouping
 .text.HAL_NVIC_SetPriority
                0x0000000008002efe       0x38 Drivers/STM32F3xx_HAL_Driver/Src/stm32f3xx_hal_cortex.o
                0x0000000008002efe                HAL_NVIC_SetPriority
 .text.HAL_NVIC_EnableIRQ
                0x0000000008002f36       0x1c Drivers/STM32F3xx_HAL_Driver/Src/stm32f3xx_hal_cortex.o
                0x0000000008002f36                HAL_NVIC_EnableIRQ
 .text.HAL_SYSTICK_Config
                0x0000000008002f52       0x18 Drivers/STM32F3xx_HAL_Driver/Src/stm32f3xx_hal_cortex.o
                0x0000000008002f52                HAL_SYSTICK_Config
 .text.HAL_DMA_Init
                0x0000000008002f6a       0x8e Drivers/STM32F3xx_HAL_Driver/Src/stm32f3xx_hal_dma.o
                0x0000000008002f6a                HAL_DMA_Init
 .text.HAL_DMA_Start_IT
                0x0000000008002ff8       0xbe Drivers/STM32F3xx_HAL_Driver/Src/stm32f3xx_hal_dma.o
                0x0000000008002ff8                HAL_DMA_Start_IT
 .text.HAL_DMA_Abort
                0x00000000080030b6       0x72 Drivers/STM32F3xx_HAL_Driver/Src/stm32f3xx_hal_dma.o
                0x00000000080030b6                HAL_DMA_Abort
 .text.HAL_DMA_IRQHandler
                0x0000000008003128      0x146 Drivers/STM32F3xx_HAL_Driver/Src/stm32f3xx_hal_dma.o
                0x0000000008003128                HAL_DMA_IRQHandler
 .text.DMA_SetConfig
                0x000000000800326e       0x5c Drivers/STM32F3xx_HAL_Driver/Src/stm32f3xx_hal_dma.o
 *fill*         0x00000000080032ca        0x2 
 .text.DMA_CalcBaseAndBitshift
                0x00000000080032cc       0x40 Drivers/STM32F3xx_HAL_Driver/Src/stm32f3xx_hal_dma.o
 .text.HAL_GPIO_Init
                0x000000000800330c      0x2e4 Drivers/STM32F3xx_HAL_Driver/Src/stm32f3xx_hal_gpio.o
                0x000000000800330c                HAL_GPIO_Init
 .text.HAL_GPIO_WritePin
                0x00000000080035f0       0x30 Drivers/STM32F3xx_HAL_Driver/Src/stm32f3xx_hal_gpio.o
                0x00000000080035f0                HAL_GPIO_WritePin
 .text.HAL_HRTIM_Init
                0x0000000008003620      0x198 Drivers/STM32F3xx_HAL_Driver/Src/stm32f3xx_hal_hrtim.o
                0x0000000008003620                HAL_HRTIM_Init
 .text.HAL_HRTIM_TimeBaseConfig
                0x00000000080037b8       0x50 Drivers/STM32F3xx_HAL_Driver/Src/stm32f3xx_hal_hrtim.o
                0x00000000080037b8                HAL_HRTIM_TimeBaseConfig
 .text.HAL_HRTIM_WaveformTimerConfig
                0x0000000008003808       0xe4 Drivers/STM32F3xx_HAL_Driver/Src/stm32f3xx_hal_hrtim.o
                0x0000000008003808                HAL_HRTIM_WaveformTimerConfig
 .text.HAL_HRTIM_DeadTimeConfig
                0x00000000080038ec      0x100 Drivers/STM32F3xx_HAL_Driver/Src/stm32f3xx_hal_hrtim.o
                0x00000000080038ec                HAL_HRTIM_DeadTimeConfig
 .text.HAL_HRTIM_WaveformCompareConfig
                0x00000000080039ec      0x2dc Drivers/STM32F3xx_HAL_Driver/Src/stm32f3xx_hal_hrtim.o
                0x00000000080039ec                HAL_HRTIM_WaveformCompareConfig
 .text.HAL_HRTIM_WaveformOutputConfig
                0x0000000008003cc8       0x62 Drivers/STM32F3xx_HAL_Driver/Src/stm32f3xx_hal_hrtim.o
                0x0000000008003cc8                HAL_HRTIM_WaveformOutputConfig
 .text.HAL_HRTIM_WaveformOutputStart
                0x0000000008003d2a       0x5a Drivers/STM32F3xx_HAL_Driver/Src/stm32f3xx_hal_hrtim.o
                0x0000000008003d2a                HAL_HRTIM_WaveformOutputStart
 .text.HAL_HRTIM_WaveformOutputStop
                0x0000000008003d84       0x5a Drivers/STM32F3xx_HAL_Driver/Src/stm32f3xx_hal_hrtim.o
                0x0000000008003d84                HAL_HRTIM_WaveformOutputStop
 .text.HAL_HRTIM_WaveformCountStart
                0x0000000008003dde       0x56 Drivers/STM32F3xx_HAL_Driver/Src/stm32f3xx_hal_hrtim.o
                0x0000000008003dde                HAL_HRTIM_WaveformCountStart
 .text.HAL_HRTIM_UpdateEnable
                0x0000000008003e34       0x5c Drivers/STM32F3xx_HAL_Driver/Src/stm32f3xx_hal_hrtim.o
                0x0000000008003e34                HAL_HRTIM_UpdateEnable
 .text.HRTIM_MasterBase_Config
                0x0000000008003e90       0x5e Drivers/STM32F3xx_HAL_Driver/Src/stm32f3xx_hal_hrtim.o
 .text.HRTIM_TimingUnitBase_Config
                0x0000000008003eee       0x80 Drivers/STM32F3xx_HAL_Driver/Src/stm32f3xx_hal_hrtim.o
 .text.HRTIM_MasterWaveform_Config
                0x0000000008003f6e       0xcc Drivers/STM32F3xx_HAL_Driver/Src/stm32f3xx_hal_hrtim.o
 *fill*         0x000000000800403a        0x2 
 .text.HRTIM_TimingUnitWaveform_Config
                0x000000000800403c      0x280 Drivers/STM32F3xx_HAL_Driver/Src/stm32f3xx_hal_hrtim.o
 .text.HRTIM_OutputConfig
                0x00000000080042bc      0x16c Drivers/STM32F3xx_HAL_Driver/Src/stm32f3xx_hal_hrtim.o
 .text.HRTIM_ForceRegistersUpdate
                0x0000000008004428       0xc4 Drivers/STM32F3xx_HAL_Driver/Src/stm32f3xx_hal_hrtim.o
 .text.HAL_RCC_OscConfig
                0x00000000080044ec      0xe10 Drivers/STM32F3xx_HAL_Driver/Src/stm32f3xx_hal_rcc.o
                0x00000000080044ec                HAL_RCC_OscConfig
 .text.HAL_RCC_ClockConfig
                0x00000000080052fc      0x2f8 Drivers/STM32F3xx_HAL_Driver/Src/stm32f3xx_hal_rcc.o
                0x00000000080052fc                HAL_RCC_ClockConfig
 .text.HAL_RCC_GetSysClockFreq
                0x00000000080055f4       0xd4 Drivers/STM32F3xx_HAL_Driver/Src/stm32f3xx_hal_rcc.o
                0x00000000080055f4                HAL_RCC_GetSysClockFreq
 .text.HAL_RCC_GetHCLKFreq
                0x00000000080056c8       0x18 Drivers/STM32F3xx_HAL_Driver/Src/stm32f3xx_hal_rcc.o
                0x00000000080056c8                HAL_RCC_GetHCLKFreq
 .text.HAL_RCC_GetPCLK1Freq
                0x00000000080056e0       0x44 Drivers/STM32F3xx_HAL_Driver/Src/stm32f3xx_hal_rcc.o
                0x00000000080056e0                HAL_RCC_GetPCLK1Freq
 .text.HAL_RCC_GetPCLK2Freq
                0x0000000008005724       0x44 Drivers/STM32F3xx_HAL_Driver/Src/stm32f3xx_hal_rcc.o
                0x0000000008005724                HAL_RCC_GetPCLK2Freq
 .text.HAL_RCCEx_PeriphCLKConfig
                0x0000000008005768      0x26c Drivers/STM32F3xx_HAL_Driver/Src/stm32f3xx_hal_rcc_ex.o
                0x0000000008005768                HAL_RCCEx_PeriphCLKConfig
 .text.HAL_SPI_Init
                0x00000000080059d4      0x114 Drivers/STM32F3xx_HAL_Driver/Src/stm32f3xx_hal_spi.o
                0x00000000080059d4                HAL_SPI_Init
 .text.HAL_TIM_Base_Init
                0x0000000008005ae8       0x56 Drivers/STM32F3xx_HAL_Driver/Src/stm32f3xx_hal_tim.o
                0x0000000008005ae8                HAL_TIM_Base_Init
 *fill*         0x0000000008005b3e        0x2 
 .text.HAL_TIM_Base_Start_IT
                0x0000000008005b40       0x54 Drivers/STM32F3xx_HAL_Driver/Src/stm32f3xx_hal_tim.o
                0x0000000008005b40                HAL_TIM_Base_Start_IT
 .text.HAL_TIM_IRQHandler
                0x0000000008005b94      0x23e Drivers/STM32F3xx_HAL_Driver/Src/stm32f3xx_hal_tim.o
                0x0000000008005b94                HAL_TIM_IRQHandler
 .text.HAL_TIM_ConfigClockSource
                0x0000000008005dd2      0x172 Drivers/STM32F3xx_HAL_Driver/Src/stm32f3xx_hal_tim.o
                0x0000000008005dd2                HAL_TIM_ConfigClockSource
 .text.HAL_TIM_OC_DelayElapsedCallback
                0x0000000008005f44       0x14 Drivers/STM32F3xx_HAL_Driver/Src/stm32f3xx_hal_tim.o
                0x0000000008005f44                HAL_TIM_OC_DelayElapsedCallback
 .text.HAL_TIM_IC_CaptureCallback
                0x0000000008005f58       0x14 Drivers/STM32F3xx_HAL_Driver/Src/stm32f3xx_hal_tim.o
                0x0000000008005f58                HAL_TIM_IC_CaptureCallback
 .text.HAL_TIM_PWM_PulseFinishedCallback
                0x0000000008005f6c       0x14 Drivers/STM32F3xx_HAL_Driver/Src/stm32f3xx_hal_tim.o
                0x0000000008005f6c                HAL_TIM_PWM_PulseFinishedCallback
 .text.HAL_TIM_TriggerCallback
                0x0000000008005f80       0x14 Drivers/STM32F3xx_HAL_Driver/Src/stm32f3xx_hal_tim.o
                0x0000000008005f80                HAL_TIM_TriggerCallback
 .text.TIM_Base_SetConfig
                0x0000000008005f94       0xf0 Drivers/STM32F3xx_HAL_Driver/Src/stm32f3xx_hal_tim.o
                0x0000000008005f94                TIM_Base_SetConfig
 .text.TIM_TI1_ConfigInputStage
                0x0000000008006084       0x5e Drivers/STM32F3xx_HAL_Driver/Src/stm32f3xx_hal_tim.o
 .text.TIM_TI2_ConfigInputStage
                0x00000000080060e2       0x60 Drivers/STM32F3xx_HAL_Driver/Src/stm32f3xx_hal_tim.o
 .text.TIM_ITRx_SetConfig
                0x0000000008006142       0x36 Drivers/STM32F3xx_HAL_Driver/Src/stm32f3xx_hal_tim.o
 .text.TIM_ETR_SetConfig
                0x0000000008006178       0x40 Drivers/STM32F3xx_HAL_Driver/Src/stm32f3xx_hal_tim.o
                0x0000000008006178                TIM_ETR_SetConfig
 .text.HAL_TIMEx_MasterConfigSynchronization
                0x00000000080061b8       0xdc Drivers/STM32F3xx_HAL_Driver/Src/stm32f3xx_hal_tim_ex.o
                0x00000000080061b8                HAL_TIMEx_MasterConfigSynchronization
 .text.HAL_TIMEx_CommutCallback
                0x0000000008006294       0x14 Drivers/STM32F3xx_HAL_Driver/Src/stm32f3xx_hal_tim_ex.o
                0x0000000008006294                HAL_TIMEx_CommutCallback
 .text.HAL_TIMEx_BreakCallback
                0x00000000080062a8       0x14 Drivers/STM32F3xx_HAL_Driver/Src/stm32f3xx_hal_tim_ex.o
                0x00000000080062a8                HAL_TIMEx_BreakCallback
 .text.HAL_TIMEx_Break2Callback
                0x00000000080062bc       0x14 Drivers/STM32F3xx_HAL_Driver/Src/stm32f3xx_hal_tim_ex.o
                0x00000000080062bc                HAL_TIMEx_Break2Callback
 .text.HAL_UART_Init
                0x00000000080062d0       0x9c Drivers/STM32F3xx_HAL_Driver/Src/stm32f3xx_hal_uart.o
                0x00000000080062d0                HAL_UART_Init
 .text.UART_SetConfig
                0x000000000800636c      0x304 Drivers/STM32F3xx_HAL_Driver/Src/stm32f3xx_hal_uart.o
                0x000000000800636c                UART_SetConfig
 .text.UART_AdvFeatureConfig
                0x0000000008006670      0x144 Drivers/STM32F3xx_HAL_Driver/Src/stm32f3xx_hal_uart.o
                0x0000000008006670                UART_AdvFeatureConfig
 .text.UART_CheckIdleState
                0x00000000080067b4       0x8a Drivers/STM32F3xx_HAL_Driver/Src/stm32f3xx_hal_uart.o
                0x00000000080067b4                UART_CheckIdleState
 .text.UART_WaitOnFlagUntilTimeout
                0x000000000800683e       0xf6 Drivers/STM32F3xx_HAL_Driver/Src/stm32f3xx_hal_uart.o
                0x000000000800683e                UART_WaitOnFlagUntilTimeout
 .text.arm_pid_init_f32
                0x0000000008006934       0x38 ../Lib/libarm_cortexM4lf_math.a(arm_pid_init_f32.o)
                0x0000000008006934                arm_pid_init_f32
 .text.arm_sub_f32
                0x000000000800696c       0x8c ../Lib/libarm_cortexM4lf_math.a(arm_sub_f32.o)
                0x000000000800696c                arm_sub_f32
 .text.arm_mult_f32
                0x00000000080069f8       0x8c ../Lib/libarm_cortexM4lf_math.a(arm_mult_f32.o)
                0x00000000080069f8                arm_mult_f32
 .text.__libc_init_array
                0x0000000008006a84       0x48 /opt/st/stm32cubeide_1.4.0/plugins/com.st.stm32cube.ide.mcu.externaltools.gnu-tools-for-stm32.7-2018-q2-update.linux64_1.4.0.202007081208/tools/bin/../lib/gcc/arm-none-eabi/7.3.1/../../../../arm-none-eabi/lib/thumb/v7e-m/fpv4-sp/hard/libc_nano.a(lib_a-init.o)
                0x0000000008006a84                __libc_init_array
 .text.memset   0x0000000008006acc       0x10 /opt/st/stm32cubeide_1.4.0/plugins/com.st.stm32cube.ide.mcu.externaltools.gnu-tools-for-stm32.7-2018-q2-update.linux64_1.4.0.202007081208/tools/bin/../lib/gcc/arm-none-eabi/7.3.1/../../../../arm-none-eabi/lib/thumb/v7e-m/fpv4-sp/hard/libc_nano.a(lib_a-memset.o)
                0x0000000008006acc                memset
 *(.glue_7)
 .glue_7        0x0000000008006adc        0x0 linker stubs
 *(.glue_7t)
 .glue_7t       0x0000000008006adc        0x0 linker stubs
 *(.eh_frame)
 .eh_frame      0x0000000008006adc        0x0 /opt/st/stm32cubeide_1.4.0/plugins/com.st.stm32cube.ide.mcu.externaltools.gnu-tools-for-stm32.7-2018-q2-update.linux64_1.4.0.202007081208/tools/bin/../lib/gcc/arm-none-eabi/7.3.1/thumb/v7e-m/fpv4-sp/hard/crtbegin.o
 *(.init)
 .init          0x0000000008006adc        0x4 /opt/st/stm32cubeide_1.4.0/plugins/com.st.stm32cube.ide.mcu.externaltools.gnu-tools-for-stm32.7-2018-q2-update.linux64_1.4.0.202007081208/tools/bin/../lib/gcc/arm-none-eabi/7.3.1/thumb/v7e-m/fpv4-sp/hard/crti.o
                0x0000000008006adc                _init
 .init          0x0000000008006ae0        0x8 /opt/st/stm32cubeide_1.4.0/plugins/com.st.stm32cube.ide.mcu.externaltools.gnu-tools-for-stm32.7-2018-q2-update.linux64_1.4.0.202007081208/tools/bin/../lib/gcc/arm-none-eabi/7.3.1/thumb/v7e-m/fpv4-sp/hard/crtn.o
 *(.fini)
 .fini          0x0000000008006ae8        0x4 /opt/st/stm32cubeide_1.4.0/plugins/com.st.stm32cube.ide.mcu.externaltools.gnu-tools-for-stm32.7-2018-q2-update.linux64_1.4.0.202007081208/tools/bin/../lib/gcc/arm-none-eabi/7.3.1/thumb/v7e-m/fpv4-sp/hard/crti.o
                0x0000000008006ae8                _fini
 .fini          0x0000000008006aec        0x8 /opt/st/stm32cubeide_1.4.0/plugins/com.st.stm32cube.ide.mcu.externaltools.gnu-tools-for-stm32.7-2018-q2-update.linux64_1.4.0.202007081208/tools/bin/../lib/gcc/arm-none-eabi/7.3.1/thumb/v7e-m/fpv4-sp/hard/crtn.o
                0x0000000008006af4                . = ALIGN (0x4)
                0x0000000008006af4                _etext = .

.vfp11_veneer   0x0000000008006af4        0x0
 .vfp11_veneer  0x0000000008006af4        0x0 linker stubs

.v4_bx          0x0000000008006af4        0x0
 .v4_bx         0x0000000008006af4        0x0 linker stubs

.iplt           0x0000000008006af4        0x0
 .iplt          0x0000000008006af4        0x0 /opt/st/stm32cubeide_1.4.0/plugins/com.st.stm32cube.ide.mcu.externaltools.gnu-tools-for-stm32.7-2018-q2-update.linux64_1.4.0.202007081208/tools/bin/../lib/gcc/arm-none-eabi/7.3.1/thumb/v7e-m/fpv4-sp/hard/crtbegin.o

.rodata         0x0000000008006af4       0x38
                0x0000000008006af4                . = ALIGN (0x4)
 *(.rodata)
 *(.rodata*)
 .rodata.AHBPrescTable
                0x0000000008006af4       0x10 Core/Src/system_stm32f3xx.o
                0x0000000008006af4                AHBPrescTable
 .rodata.APBPrescTable
                0x0000000008006b04        0x8 Core/Src/system_stm32f3xx.o
                0x0000000008006b04                APBPrescTable
 .rodata.aPLLMULFactorTable
                0x0000000008006b0c       0x10 Drivers/STM32F3xx_HAL_Driver/Src/stm32f3xx_hal_rcc.o
                0x0000000008006b0c                aPLLMULFactorTable
 .rodata.aPredivFactorTable
                0x0000000008006b1c       0x10 Drivers/STM32F3xx_HAL_Driver/Src/stm32f3xx_hal_rcc.o
                0x0000000008006b1c                aPredivFactorTable
                0x0000000008006b2c                . = ALIGN (0x4)

.rel.dyn        0x0000000008006b2c        0x0
 .rel.iplt      0x0000000008006b2c        0x0 /opt/st/stm32cubeide_1.4.0/plugins/com.st.stm32cube.ide.mcu.externaltools.gnu-tools-for-stm32.7-2018-q2-update.linux64_1.4.0.202007081208/tools/bin/../lib/gcc/arm-none-eabi/7.3.1/thumb/v7e-m/fpv4-sp/hard/crtbegin.o

.ARM.extab      0x0000000008006b2c        0x0
                0x0000000008006b2c                . = ALIGN (0x4)
 *(.ARM.extab* .gnu.linkonce.armextab.*)
                0x0000000008006b2c                . = ALIGN (0x4)

.ARM            0x0000000008006b2c        0x0
                0x0000000008006b2c                . = ALIGN (0x4)
                0x0000000008006b2c                __exidx_start = .
 *(.ARM.exidx*)
                0x0000000008006b2c                __exidx_end = .
                0x0000000008006b2c                . = ALIGN (0x4)

.preinit_array  0x0000000008006b2c        0x0
                0x0000000008006b2c                . = ALIGN (0x4)
                0x0000000008006b2c                PROVIDE (__preinit_array_start = .)
 *(.preinit_array*)
                0x0000000008006b2c                PROVIDE (__preinit_array_end = .)
                0x0000000008006b2c                . = ALIGN (0x4)

.init_array     0x0000000008006b2c        0x4
                0x0000000008006b2c                . = ALIGN (0x4)
                0x0000000008006b2c                PROVIDE (__init_array_start = .)
 *(SORT_BY_NAME(.init_array.*))
 *(.init_array*)
 .init_array    0x0000000008006b2c        0x4 /opt/st/stm32cubeide_1.4.0/plugins/com.st.stm32cube.ide.mcu.externaltools.gnu-tools-for-stm32.7-2018-q2-update.linux64_1.4.0.202007081208/tools/bin/../lib/gcc/arm-none-eabi/7.3.1/thumb/v7e-m/fpv4-sp/hard/crtbegin.o
                0x0000000008006b30                PROVIDE (__init_array_end = .)
                0x0000000008006b30                . = ALIGN (0x4)

.fini_array     0x0000000008006b30        0x4
                0x0000000008006b30                . = ALIGN (0x4)
                [!provide]                        PROVIDE (__fini_array_start = .)
 *(SORT_BY_NAME(.fini_array.*))
 *(.fini_array*)
 .fini_array    0x0000000008006b30        0x4 /opt/st/stm32cubeide_1.4.0/plugins/com.st.stm32cube.ide.mcu.externaltools.gnu-tools-for-stm32.7-2018-q2-update.linux64_1.4.0.202007081208/tools/bin/../lib/gcc/arm-none-eabi/7.3.1/thumb/v7e-m/fpv4-sp/hard/crtbegin.o
                [!provide]                        PROVIDE (__fini_array_end = .)
                0x0000000008006b34                . = ALIGN (0x4)
                0x0000000008006b34                _sidata = LOADADDR (.data)

.data           0x0000000020000000      0x360 load address 0x0000000008006b34
                0x0000000020000000                . = ALIGN (0x4)
                0x0000000020000000                _sdata = .
 *(.data)
 *(.data*)
 .data.SineTable
                0x0000000020000000      0x320 Core/Src/main.o
                0x0000000020000000                SineTable
 .data.Vdc      0x0000000020000320        0x4 Core/Src/main.o
                0x0000000020000320                Vdc
 .data.Kpgain   0x0000000020000324        0x4 Core/Src/main.o
                0x0000000020000324                Kpgain
 .data.Kigain   0x0000000020000328        0x4 Core/Src/main.o
                0x0000000020000328                Kigain
 .data.Kdgain   0x000000002000032c        0x4 Core/Src/main.o
                0x000000002000032c                Kdgain
 .data.offsetADC1
                0x0000000020000330       0x10 Core/Src/main.o
                0x0000000020000330                offsetADC1
 .data.offsetADC2
                0x0000000020000340        0xc Core/Src/main.o
                0x0000000020000340                offsetADC2
 .data.duty     0x000000002000034c        0x2 Core/Src/main.o
                0x000000002000034c                duty
 *fill*         0x000000002000034e        0x2 
 .data.pwm      0x0000000020000350        0x4 Core/Src/main.o
                0x0000000020000350                pwm
 .data.SystemCoreClock
                0x0000000020000354        0x4 Core/Src/system_stm32f3xx.o
                0x0000000020000354                SystemCoreClock
 .data.uwTickPrio
                0x0000000020000358        0x4 Drivers/STM32F3xx_HAL_Driver/Src/stm32f3xx_hal.o
                0x0000000020000358                uwTickPrio
 .data.uwTickFreq
                0x000000002000035c        0x1 Drivers/STM32F3xx_HAL_Driver/Src/stm32f3xx_hal.o
                0x000000002000035c                uwTickFreq
                0x0000000020000360                . = ALIGN (0x4)
 *fill*         0x000000002000035d        0x3 
                0x0000000020000360                _edata = .

.igot.plt       0x0000000020000360        0x0 load address 0x0000000008006e94
 .igot.plt      0x0000000020000360        0x0 /opt/st/stm32cubeide_1.4.0/plugins/com.st.stm32cube.ide.mcu.externaltools.gnu-tools-for-stm32.7-2018-q2-update.linux64_1.4.0.202007081208/tools/bin/../lib/gcc/arm-none-eabi/7.3.1/thumb/v7e-m/fpv4-sp/hard/crtbegin.o
                0x0000000020000360                . = ALIGN (0x4)

.bss            0x0000000020000360      0x40c load address 0x0000000008006e94
                0x0000000020000360                _sbss = .
                0x0000000020000360                __bss_start__ = _sbss
 *(.bss)
 .bss           0x0000000020000360       0x1c /opt/st/stm32cubeide_1.4.0/plugins/com.st.stm32cube.ide.mcu.externaltools.gnu-tools-for-stm32.7-2018-q2-update.linux64_1.4.0.202007081208/tools/bin/../lib/gcc/arm-none-eabi/7.3.1/thumb/v7e-m/fpv4-sp/hard/crtbegin.o
 *(.bss*)
 .bss.i         0x000000002000037c        0x4 Core/Src/main.o
                0x000000002000037c                i
 .bss.HAL_RCC_ADC12_CLK_ENABLED
                0x0000000020000380        0x4 Core/Src/stm32f3xx_hal_msp.o
 *(COMMON)
 COMMON         0x0000000020000384      0x3e4 Core/Src/main.o
                0x0000000020000384                error_pid
                0x0000000020000388                valuesADC2
                0x0000000020000394                hadc2
                0x00000000200003e4                GainADC1
                0x00000000200003f4                valuesADC1
                0x0000000020000404                ValuesADC1
                0x0000000020000414                ref
                0x0000000020000418                htim3
                0x0000000020000458                hadc1
                0x00000000200004a8                hhrtim1
                0x0000000020000584                raw_offsetADC2
                0x0000000020000590                hdma_adc1
                0x00000000200005d4                rslt_pid
                0x00000000200005d8                raw_offsetADC1
                0x00000000200005e8                convertADC2
                0x00000000200005f4                hspi1
                0x0000000020000658                huart2
                0x00000000200006d8                hdma_adc2
                0x000000002000071c                convertADC1
                0x000000002000072c                GainADC2
                0x0000000020000738                ValuesADC2
                0x0000000020000744                PID_test
 COMMON         0x0000000020000768        0x4 Drivers/STM32F3xx_HAL_Driver/Src/stm32f3xx_hal.o
                0x0000000020000768                uwTick
                0x000000002000076c                . = ALIGN (0x4)
                0x000000002000076c                _ebss = .
                0x000000002000076c                __bss_end__ = _ebss

._user_heap_stack
                0x000000002000076c      0x604 load address 0x0000000008006e94
                0x0000000020000770                . = ALIGN (0x8)
 *fill*         0x000000002000076c        0x4 
                [!provide]                        PROVIDE (end = .)
                0x0000000020000770                PROVIDE (_end = .)
                0x0000000020000970                . = (. + _Min_Heap_Size)
 *fill*         0x0000000020000770      0x200 
                0x0000000020000d70                . = (. + _Min_Stack_Size)
 *fill*         0x0000000020000970      0x400 
                0x0000000020000d70                . = ALIGN (0x8)

/DISCARD/
 libc.a(*)
 libm.a(*)
 libgcc.a(*)

.ARM.attributes
                0x0000000000000000       0x30
 *(.ARM.attributes)
 .ARM.attributes
                0x0000000000000000       0x22 /opt/st/stm32cubeide_1.4.0/plugins/com.st.stm32cube.ide.mcu.externaltools.gnu-tools-for-stm32.7-2018-q2-update.linux64_1.4.0.202007081208/tools/bin/../lib/gcc/arm-none-eabi/7.3.1/thumb/v7e-m/fpv4-sp/hard/crti.o
 .ARM.attributes
                0x0000000000000022       0x34 /opt/st/stm32cubeide_1.4.0/plugins/com.st.stm32cube.ide.mcu.externaltools.gnu-tools-for-stm32.7-2018-q2-update.linux64_1.4.0.202007081208/tools/bin/../lib/gcc/arm-none-eabi/7.3.1/thumb/v7e-m/fpv4-sp/hard/crtbegin.o
 .ARM.attributes
                0x0000000000000056       0x39 Core/Src/main.o
 .ARM.attributes
                0x000000000000008f       0x39 Core/Src/stm32f3xx_hal_msp.o
 .ARM.attributes
                0x00000000000000c8       0x39 Core/Src/stm32f3xx_it.o
 .ARM.attributes
                0x0000000000000101       0x39 Core/Src/system_stm32f3xx.o
 .ARM.attributes
                0x000000000000013a       0x21 Core/Startup/startup_stm32f334r8tx.o
 .ARM.attributes
                0x000000000000015b       0x39 Drivers/STM32F3xx_HAL_Driver/Src/stm32f3xx_hal.o
 .ARM.attributes
                0x0000000000000194       0x39 Drivers/STM32F3xx_HAL_Driver/Src/stm32f3xx_hal_adc.o
 .ARM.attributes
                0x00000000000001cd       0x39 Drivers/STM32F3xx_HAL_Driver/Src/stm32f3xx_hal_adc_ex.o
 .ARM.attributes
                0x0000000000000206       0x39 Drivers/STM32F3xx_HAL_Driver/Src/stm32f3xx_hal_cortex.o
 .ARM.attributes
                0x000000000000023f       0x39 Drivers/STM32F3xx_HAL_Driver/Src/stm32f3xx_hal_dma.o
 .ARM.attributes
                0x0000000000000278       0x39 Drivers/STM32F3xx_HAL_Driver/Src/stm32f3xx_hal_gpio.o
 .ARM.attributes
                0x00000000000002b1       0x39 Drivers/STM32F3xx_HAL_Driver/Src/stm32f3xx_hal_hrtim.o
 .ARM.attributes
                0x00000000000002ea       0x39 Drivers/STM32F3xx_HAL_Driver/Src/stm32f3xx_hal_rcc.o
 .ARM.attributes
                0x0000000000000323       0x39 Drivers/STM32F3xx_HAL_Driver/Src/stm32f3xx_hal_rcc_ex.o
 .ARM.attributes
                0x000000000000035c       0x39 Drivers/STM32F3xx_HAL_Driver/Src/stm32f3xx_hal_spi.o
 .ARM.attributes
                0x0000000000000395       0x39 Drivers/STM32F3xx_HAL_Driver/Src/stm32f3xx_hal_tim.o
 .ARM.attributes
                0x00000000000003ce       0x39 Drivers/STM32F3xx_HAL_Driver/Src/stm32f3xx_hal_tim_ex.o
 .ARM.attributes
                0x0000000000000407       0x39 Drivers/STM32F3xx_HAL_Driver/Src/stm32f3xx_hal_uart.o
 .ARM.attributes
                0x0000000000000440       0x39 ../Lib/libarm_cortexM4lf_math.a(arm_pid_init_f32.o)
 .ARM.attributes
                0x0000000000000479       0x39 ../Lib/libarm_cortexM4lf_math.a(arm_sub_f32.o)
 .ARM.attributes
                0x00000000000004b2       0x39 ../Lib/libarm_cortexM4lf_math.a(arm_mult_f32.o)
 .ARM.attributes
                0x00000000000004eb       0x34 /opt/st/stm32cubeide_1.4.0/plugins/com.st.stm32cube.ide.mcu.externaltools.gnu-tools-for-stm32.7-2018-q2-update.linux64_1.4.0.202007081208/tools/bin/../lib/gcc/arm-none-eabi/7.3.1/../../../../arm-none-eabi/lib/thumb/v7e-m/fpv4-sp/hard/libc_nano.a(lib_a-init.o)
 .ARM.attributes
                0x000000000000051f       0x34 /opt/st/stm32cubeide_1.4.0/plugins/com.st.stm32cube.ide.mcu.externaltools.gnu-tools-for-stm32.7-2018-q2-update.linux64_1.4.0.202007081208/tools/bin/../lib/gcc/arm-none-eabi/7.3.1/../../../../arm-none-eabi/lib/thumb/v7e-m/fpv4-sp/hard/libc_nano.a(lib_a-memset.o)
 .ARM.attributes
                0x0000000000000553       0x22 /opt/st/stm32cubeide_1.4.0/plugins/com.st.stm32cube.ide.mcu.externaltools.gnu-tools-for-stm32.7-2018-q2-update.linux64_1.4.0.202007081208/tools/bin/../lib/gcc/arm-none-eabi/7.3.1/thumb/v7e-m/fpv4-sp/hard/libgcc.a(_arm_addsubdf3.o)
 .ARM.attributes
                0x0000000000000575       0x22 /opt/st/stm32cubeide_1.4.0/plugins/com.st.stm32cube.ide.mcu.externaltools.gnu-tools-for-stm32.7-2018-q2-update.linux64_1.4.0.202007081208/tools/bin/../lib/gcc/arm-none-eabi/7.3.1/thumb/v7e-m/fpv4-sp/hard/libgcc.a(_arm_muldivdf3.o)
 .ARM.attributes
                0x0000000000000597       0x22 /opt/st/stm32cubeide_1.4.0/plugins/com.st.stm32cube.ide.mcu.externaltools.gnu-tools-for-stm32.7-2018-q2-update.linux64_1.4.0.202007081208/tools/bin/../lib/gcc/arm-none-eabi/7.3.1/thumb/v7e-m/fpv4-sp/hard/libgcc.a(_arm_truncdfsf2.o)
 .ARM.attributes
                0x00000000000005b9       0x22 /opt/st/stm32cubeide_1.4.0/plugins/com.st.stm32cube.ide.mcu.externaltools.gnu-tools-for-stm32.7-2018-q2-update.linux64_1.4.0.202007081208/tools/bin/../lib/gcc/arm-none-eabi/7.3.1/thumb/v7e-m/fpv4-sp/hard/crtn.o
OUTPUT(AC_test.elf elf32-littlearm)

.debug_info     0x0000000000000000    0x1519b
 .debug_info    0x0000000000000000     0x2ba8 Core/Src/main.o
 .debug_info    0x0000000000002ba8     0x1c10 Core/Src/stm32f3xx_hal_msp.o
 .debug_info    0x00000000000047b8      0x711 Core/Src/stm32f3xx_it.o
 .debug_info    0x0000000000004ec9      0x45c Core/Src/system_stm32f3xx.o
 .debug_info    0x0000000000005325       0x22 Core/Startup/startup_stm32f334r8tx.o
 .debug_info    0x0000000000005347      0x782 Drivers/STM32F3xx_HAL_Driver/Src/stm32f3xx_hal.o
 .debug_info    0x0000000000005ac9      0xbce Drivers/STM32F3xx_HAL_Driver/Src/stm32f3xx_hal_adc.o
 .debug_info    0x0000000000006697     0x1571 Drivers/STM32F3xx_HAL_Driver/Src/stm32f3xx_hal_adc_ex.o
 .debug_info    0x0000000000007c08      0xb7e Drivers/STM32F3xx_HAL_Driver/Src/stm32f3xx_hal_cortex.o
 .debug_info    0x0000000000008786      0x7cb Drivers/STM32F3xx_HAL_Driver/Src/stm32f3xx_hal_dma.o
 .debug_info    0x0000000000008f51      0x7c1 Drivers/STM32F3xx_HAL_Driver/Src/stm32f3xx_hal_gpio.o
 .debug_info    0x0000000000009712     0x33cb Drivers/STM32F3xx_HAL_Driver/Src/stm32f3xx_hal_hrtim.o
 .debug_info    0x000000000000cadd     0x180f Drivers/STM32F3xx_HAL_Driver/Src/stm32f3xx_hal_rcc.o
 .debug_info    0x000000000000e2ec      0x61f Drivers/STM32F3xx_HAL_Driver/Src/stm32f3xx_hal_rcc_ex.o
 .debug_info    0x000000000000e90b     0x160b Drivers/STM32F3xx_HAL_Driver/Src/stm32f3xx_hal_spi.o
 .debug_info    0x000000000000ff16     0x2648 Drivers/STM32F3xx_HAL_Driver/Src/stm32f3xx_hal_tim.o
 .debug_info    0x000000000001255e     0x11d7 Drivers/STM32F3xx_HAL_Driver/Src/stm32f3xx_hal_tim_ex.o
 .debug_info    0x0000000000013735     0x1592 Drivers/STM32F3xx_HAL_Driver/Src/stm32f3xx_hal_uart.o
 .debug_info    0x0000000000014cc7      0x176 ../Lib/libarm_cortexM4lf_math.a(arm_pid_init_f32.o)
 .debug_info    0x0000000000014e3d      0x195 ../Lib/libarm_cortexM4lf_math.a(arm_sub_f32.o)
 .debug_info    0x0000000000014fd2      0x1c9 ../Lib/libarm_cortexM4lf_math.a(arm_mult_f32.o)

.debug_abbrev   0x0000000000000000     0x24c1
 .debug_abbrev  0x0000000000000000      0x2f1 Core/Src/main.o
 .debug_abbrev  0x00000000000002f1      0x214 Core/Src/stm32f3xx_hal_msp.o
 .debug_abbrev  0x0000000000000505      0x15a Core/Src/stm32f3xx_it.o
 .debug_abbrev  0x000000000000065f      0x12b Core/Src/system_stm32f3xx.o
 .debug_abbrev  0x000000000000078a       0x12 Core/Startup/startup_stm32f334r8tx.o
 .debug_abbrev  0x000000000000079c      0x1c7 Drivers/STM32F3xx_HAL_Driver/Src/stm32f3xx_hal.o
 .debug_abbrev  0x0000000000000963      0x187 Drivers/STM32F3xx_HAL_Driver/Src/stm32f3xx_hal_adc.o
 .debug_abbrev  0x0000000000000aea      0x225 Drivers/STM32F3xx_HAL_Driver/Src/stm32f3xx_hal_adc_ex.o
 .debug_abbrev  0x0000000000000d0f      0x2d5 Drivers/STM32F3xx_HAL_Driver/Src/stm32f3xx_hal_cortex.o
 .debug_abbrev  0x0000000000000fe4      0x1fe Drivers/STM32F3xx_HAL_Driver/Src/stm32f3xx_hal_dma.o
 .debug_abbrev  0x00000000000011e2      0x1c0 Drivers/STM32F3xx_HAL_Driver/Src/stm32f3xx_hal_gpio.o
 .debug_abbrev  0x00000000000013a2      0x235 Drivers/STM32F3xx_HAL_Driver/Src/stm32f3xx_hal_hrtim.o
 .debug_abbrev  0x00000000000015d7      0x28c Drivers/STM32F3xx_HAL_Driver/Src/stm32f3xx_hal_rcc.o
 .debug_abbrev  0x0000000000001863      0x208 Drivers/STM32F3xx_HAL_Driver/Src/stm32f3xx_hal_rcc_ex.o
 .debug_abbrev  0x0000000000001a6b      0x228 Drivers/STM32F3xx_HAL_Driver/Src/stm32f3xx_hal_spi.o
 .debug_abbrev  0x0000000000001c93      0x230 Drivers/STM32F3xx_HAL_Driver/Src/stm32f3xx_hal_tim.o
 .debug_abbrev  0x0000000000001ec3      0x21e Drivers/STM32F3xx_HAL_Driver/Src/stm32f3xx_hal_tim_ex.o
 .debug_abbrev  0x00000000000020e1      0x205 Drivers/STM32F3xx_HAL_Driver/Src/stm32f3xx_hal_uart.o
 .debug_abbrev  0x00000000000022e6       0xc4 ../Lib/libarm_cortexM4lf_math.a(arm_pid_init_f32.o)
 .debug_abbrev  0x00000000000023aa       0x85 ../Lib/libarm_cortexM4lf_math.a(arm_sub_f32.o)
 .debug_abbrev  0x000000000000242f       0x92 ../Lib/libarm_cortexM4lf_math.a(arm_mult_f32.o)

.debug_aranges  0x0000000000000000     0x14e0
 .debug_aranges
                0x0000000000000000       0x78 Core/Src/main.o
 .debug_aranges
                0x0000000000000078       0x78 Core/Src/stm32f3xx_hal_msp.o
 .debug_aranges
                0x00000000000000f0       0x78 Core/Src/stm32f3xx_it.o
 .debug_aranges
                0x0000000000000168       0x28 Core/Src/system_stm32f3xx.o
 .debug_aranges
                0x0000000000000190       0x28 Core/Startup/startup_stm32f334r8tx.o
 .debug_aranges
                0x00000000000001b8       0xe0 Drivers/STM32F3xx_HAL_Driver/Src/stm32f3xx_hal.o
 .debug_aranges
                0x0000000000000298       0xc8 Drivers/STM32F3xx_HAL_Driver/Src/stm32f3xx_hal_adc.o
 .debug_aranges
                0x0000000000000360      0x168 Drivers/STM32F3xx_HAL_Driver/Src/stm32f3xx_hal_adc_ex.o
 .debug_aranges
                0x00000000000004c8      0x100 Drivers/STM32F3xx_HAL_Driver/Src/stm32f3xx_hal_cortex.o
 .debug_aranges
                0x00000000000005c8       0x88 Drivers/STM32F3xx_HAL_Driver/Src/stm32f3xx_hal_dma.o
 .debug_aranges
                0x0000000000000650       0x58 Drivers/STM32F3xx_HAL_Driver/Src/stm32f3xx_hal_gpio.o
 .debug_aranges
                0x00000000000006a8      0x408 Drivers/STM32F3xx_HAL_Driver/Src/stm32f3xx_hal_hrtim.o
 .debug_aranges
                0x0000000000000ab0       0x88 Drivers/STM32F3xx_HAL_Driver/Src/stm32f3xx_hal_rcc.o
 .debug_aranges
                0x0000000000000b38       0x38 Drivers/STM32F3xx_HAL_Driver/Src/stm32f3xx_hal_rcc_ex.o
 .debug_aranges
                0x0000000000000b70      0x1d8 Drivers/STM32F3xx_HAL_Driver/Src/stm32f3xx_hal_spi.o
 .debug_aranges
                0x0000000000000d48      0x3c8 Drivers/STM32F3xx_HAL_Driver/Src/stm32f3xx_hal_tim.o
 .debug_aranges
                0x0000000000001110      0x160 Drivers/STM32F3xx_HAL_Driver/Src/stm32f3xx_hal_tim_ex.o
 .debug_aranges
                0x0000000000001270      0x210 Drivers/STM32F3xx_HAL_Driver/Src/stm32f3xx_hal_uart.o
 .debug_aranges
                0x0000000000001480       0x20 ../Lib/libarm_cortexM4lf_math.a(arm_pid_init_f32.o)
 .debug_aranges
                0x00000000000014a0       0x20 ../Lib/libarm_cortexM4lf_math.a(arm_sub_f32.o)
 .debug_aranges
                0x00000000000014c0       0x20 ../Lib/libarm_cortexM4lf_math.a(arm_mult_f32.o)

.debug_ranges   0x0000000000000000     0x1398
 .debug_ranges  0x0000000000000000       0x68 Core/Src/main.o
 .debug_ranges  0x0000000000000068       0x68 Core/Src/stm32f3xx_hal_msp.o
 .debug_ranges  0x00000000000000d0       0x68 Core/Src/stm32f3xx_it.o
 .debug_ranges  0x0000000000000138       0x18 Core/Src/system_stm32f3xx.o
 .debug_ranges  0x0000000000000150       0x20 Core/Startup/startup_stm32f334r8tx.o
 .debug_ranges  0x0000000000000170       0xd0 Drivers/STM32F3xx_HAL_Driver/Src/stm32f3xx_hal.o
 .debug_ranges  0x0000000000000240       0xb8 Drivers/STM32F3xx_HAL_Driver/Src/stm32f3xx_hal_adc.o
 .debug_ranges  0x00000000000002f8      0x158 Drivers/STM32F3xx_HAL_Driver/Src/stm32f3xx_hal_adc_ex.o
 .debug_ranges  0x0000000000000450       0xf0 Drivers/STM32F3xx_HAL_Driver/Src/stm32f3xx_hal_cortex.o
 .debug_ranges  0x0000000000000540       0x78 Drivers/STM32F3xx_HAL_Driver/Src/stm32f3xx_hal_dma.o
 .debug_ranges  0x00000000000005b8       0x48 Drivers/STM32F3xx_HAL_Driver/Src/stm32f3xx_hal_gpio.o
 .debug_ranges  0x0000000000000600      0x3f8 Drivers/STM32F3xx_HAL_Driver/Src/stm32f3xx_hal_hrtim.o
 .debug_ranges  0x00000000000009f8       0x78 Drivers/STM32F3xx_HAL_Driver/Src/stm32f3xx_hal_rcc.o
 .debug_ranges  0x0000000000000a70       0x28 Drivers/STM32F3xx_HAL_Driver/Src/stm32f3xx_hal_rcc_ex.o
 .debug_ranges  0x0000000000000a98      0x1c8 Drivers/STM32F3xx_HAL_Driver/Src/stm32f3xx_hal_spi.o
 .debug_ranges  0x0000000000000c60      0x3b8 Drivers/STM32F3xx_HAL_Driver/Src/stm32f3xx_hal_tim.o
 .debug_ranges  0x0000000000001018      0x150 Drivers/STM32F3xx_HAL_Driver/Src/stm32f3xx_hal_tim_ex.o
 .debug_ranges  0x0000000000001168      0x200 Drivers/STM32F3xx_HAL_Driver/Src/stm32f3xx_hal_uart.o
 .debug_ranges  0x0000000000001368       0x10 ../Lib/libarm_cortexM4lf_math.a(arm_pid_init_f32.o)
 .debug_ranges  0x0000000000001378       0x10 ../Lib/libarm_cortexM4lf_math.a(arm_sub_f32.o)
 .debug_ranges  0x0000000000001388       0x10 ../Lib/libarm_cortexM4lf_math.a(arm_mult_f32.o)

.debug_macro    0x0000000000000000    0x1f3d9
 .debug_macro   0x0000000000000000      0x322 Core/Src/main.o
 .debug_macro   0x0000000000000322      0xa5a Core/Src/main.o
 .debug_macro   0x0000000000000d7c      0x169 Core/Src/main.o
 .debug_macro   0x0000000000000ee5       0x2e Core/Src/main.o
 .debug_macro   0x0000000000000f13       0x28 Core/Src/main.o
 .debug_macro   0x0000000000000f3b       0x22 Core/Src/main.o
 .debug_macro   0x0000000000000f5d       0x8e Core/Src/main.o
 .debug_macro   0x0000000000000feb       0x51 Core/Src/main.o
 .debug_macro   0x000000000000103c       0xef Core/Src/main.o
 .debug_macro   0x000000000000112b       0x6a Core/Src/main.o
 .debug_macro   0x0000000000001195      0x1df Core/Src/main.o
 .debug_macro   0x0000000000001374       0x1c Core/Src/main.o
 .debug_macro   0x0000000000001390       0x22 Core/Src/main.o
 .debug_macro   0x00000000000013b2       0xdf Core/Src/main.o
 .debug_macro   0x0000000000001491      0xf07 Core/Src/main.o
 .debug_macro   0x0000000000002398    0x15464 Core/Src/main.o
 .debug_macro   0x00000000000177fc       0x43 Core/Src/main.o
 .debug_macro   0x000000000001783f      0x174 Core/Src/main.o
 .debug_macro   0x00000000000179b3       0x53 Core/Src/main.o
 .debug_macro   0x0000000000017a06      0x8f9 Core/Src/main.o
 .debug_macro   0x00000000000182ff      0x358 Core/Src/main.o
 .debug_macro   0x0000000000018657      0x12f Core/Src/main.o
 .debug_macro   0x0000000000018786      0x130 Core/Src/main.o
 .debug_macro   0x00000000000188b6      0x1d5 Core/Src/main.o
 .debug_macro   0x0000000000018a8b      0x1bc Core/Src/main.o
 .debug_macro   0x0000000000018c47       0x34 Core/Src/main.o
 .debug_macro   0x0000000000018c7b       0x3c Core/Src/main.o
 .debug_macro   0x0000000000018cb7       0x57 Core/Src/main.o
 .debug_macro   0x0000000000018d0e      0x845 Core/Src/main.o
 .debug_macro   0x0000000000019553       0x77 Core/Src/main.o
 .debug_macro   0x00000000000195ca       0xc5 Core/Src/main.o
 .debug_macro   0x000000000001968f      0x19f Core/Src/main.o
 .debug_macro   0x000000000001982e     0x166e Core/Src/main.o
 .debug_macro   0x000000000001ae9c      0x22c Core/Src/main.o
 .debug_macro   0x000000000001b0c8       0x5b Core/Src/main.o
 .debug_macro   0x000000000001b123       0xa5 Core/Src/main.o
 .debug_macro   0x000000000001b1c8       0x81 Core/Src/main.o
 .debug_macro   0x000000000001b249       0xd3 Core/Src/main.o
 .debug_macro   0x000000000001b31c      0x2fe Core/Src/main.o
 .debug_macro   0x000000000001b61a      0x9e9 Core/Src/main.o
 .debug_macro   0x000000000001c003       0x59 Core/Src/main.o
 .debug_macro   0x000000000001c05c      0x589 Core/Src/main.o
 .debug_macro   0x000000000001c5e5       0x44 Core/Src/main.o
 .debug_macro   0x000000000001c629      0x2a1 Core/Src/main.o
 .debug_macro   0x000000000001c8ca       0xf4 Core/Src/main.o
 .debug_macro   0x000000000001c9be       0x12 Core/Src/main.o
 .debug_macro   0x000000000001c9d0       0x12 Core/Src/main.o
 .debug_macro   0x000000000001c9e2       0x46 Core/Src/main.o
 .debug_macro   0x000000000001ca28       0x18 Core/Src/main.o
 .debug_macro   0x000000000001ca40       0x3c Core/Src/main.o
 .debug_macro   0x000000000001ca7c       0x34 Core/Src/main.o
 .debug_macro   0x000000000001cab0       0x52 Core/Src/main.o
 .debug_macro   0x000000000001cb02       0x1f Core/Src/main.o
 .debug_macro   0x000000000001cb21       0x43 Core/Src/main.o
 .debug_macro   0x000000000001cb64       0x20 Core/Src/main.o
 .debug_macro   0x000000000001cb84      0x1a3 Core/Src/main.o
 .debug_macro   0x000000000001cd27      0x32a Core/Src/main.o
 .debug_macro   0x000000000001d051       0x10 Core/Src/main.o
 .debug_macro   0x000000000001d061       0x35 Core/Src/main.o
 .debug_macro   0x000000000001d096       0x20 Core/Src/main.o
 .debug_macro   0x000000000001d0b6      0x1e1 Core/Src/main.o
 .debug_macro   0x000000000001d297       0xd6 Core/Src/main.o
 .debug_macro   0x000000000001d36d      0x204 Core/Src/stm32f3xx_hal_msp.o
 .debug_macro   0x000000000001d571      0x20e Core/Src/stm32f3xx_it.o
 .debug_macro   0x000000000001d77f      0x1fb Core/Src/system_stm32f3xx.o
 .debug_macro   0x000000000001d97a      0x219 Drivers/STM32F3xx_HAL_Driver/Src/stm32f3xx_hal.o
 .debug_macro   0x000000000001db93      0x1f6 Drivers/STM32F3xx_HAL_Driver/Src/stm32f3xx_hal_adc.o
 .debug_macro   0x000000000001dd89      0x21f Drivers/STM32F3xx_HAL_Driver/Src/stm32f3xx_hal_adc_ex.o
 .debug_macro   0x000000000001dfa8      0x1f5 Drivers/STM32F3xx_HAL_Driver/Src/stm32f3xx_hal_cortex.o
 .debug_macro   0x000000000001e19d      0x1f5 Drivers/STM32F3xx_HAL_Driver/Src/stm32f3xx_hal_dma.o
 .debug_macro   0x000000000001e392      0x22d Drivers/STM32F3xx_HAL_Driver/Src/stm32f3xx_hal_gpio.o
 .debug_macro   0x000000000001e5bf      0x212 Drivers/STM32F3xx_HAL_Driver/Src/stm32f3xx_hal_hrtim.o
 .debug_macro   0x000000000001e7d1      0x219 Drivers/STM32F3xx_HAL_Driver/Src/stm32f3xx_hal_rcc.o
 .debug_macro   0x000000000001e9ea      0x1f5 Drivers/STM32F3xx_HAL_Driver/Src/stm32f3xx_hal_rcc_ex.o
 .debug_macro   0x000000000001ebdf      0x1fd Drivers/STM32F3xx_HAL_Driver/Src/stm32f3xx_hal_spi.o
 .debug_macro   0x000000000001eddc      0x1f6 Drivers/STM32F3xx_HAL_Driver/Src/stm32f3xx_hal_tim.o
 .debug_macro   0x000000000001efd2      0x1f5 Drivers/STM32F3xx_HAL_Driver/Src/stm32f3xx_hal_tim_ex.o
 .debug_macro   0x000000000001f1c7      0x212 Drivers/STM32F3xx_HAL_Driver/Src/stm32f3xx_hal_uart.o

.debug_line     0x0000000000000000     0xf0c4
 .debug_line    0x0000000000000000      0xa9d Core/Src/main.o
 .debug_line    0x0000000000000a9d      0x837 Core/Src/stm32f3xx_hal_msp.o
 .debug_line    0x00000000000012d4      0x7cd Core/Src/stm32f3xx_it.o
 .debug_line    0x0000000000001aa1      0x711 Core/Src/system_stm32f3xx.o
 .debug_line    0x00000000000021b2       0x85 Core/Startup/startup_stm32f334r8tx.o
 .debug_line    0x0000000000002237      0x8ce Drivers/STM32F3xx_HAL_Driver/Src/stm32f3xx_hal.o
 .debug_line    0x0000000000002b05      0x87d Drivers/STM32F3xx_HAL_Driver/Src/stm32f3xx_hal_adc.o
 .debug_line    0x0000000000003382     0x14aa Drivers/STM32F3xx_HAL_Driver/Src/stm32f3xx_hal_adc_ex.o
 .debug_line    0x000000000000482c      0x9a5 Drivers/STM32F3xx_HAL_Driver/Src/stm32f3xx_hal_cortex.o
 .debug_line    0x00000000000051d1      0x907 Drivers/STM32F3xx_HAL_Driver/Src/stm32f3xx_hal_dma.o
 .debug_line    0x0000000000005ad8      0x86d Drivers/STM32F3xx_HAL_Driver/Src/stm32f3xx_hal_gpio.o
 .debug_line    0x0000000000006345     0x26d0 Drivers/STM32F3xx_HAL_Driver/Src/stm32f3xx_hal_hrtim.o
 .debug_line    0x0000000000008a15      0xe46 Drivers/STM32F3xx_HAL_Driver/Src/stm32f3xx_hal_rcc.o
 .debug_line    0x000000000000985b      0x8b4 Drivers/STM32F3xx_HAL_Driver/Src/stm32f3xx_hal_rcc_ex.o
 .debug_line    0x000000000000a10f     0x116f Drivers/STM32F3xx_HAL_Driver/Src/stm32f3xx_hal_spi.o
 .debug_line    0x000000000000b27e     0x1af9 Drivers/STM32F3xx_HAL_Driver/Src/stm32f3xx_hal_tim.o
 .debug_line    0x000000000000cd77      0xd7c Drivers/STM32F3xx_HAL_Driver/Src/stm32f3xx_hal_tim_ex.o
 .debug_line    0x000000000000daf3     0x11a0 Drivers/STM32F3xx_HAL_Driver/Src/stm32f3xx_hal_uart.o
 .debug_line    0x000000000000ec93      0x156 ../Lib/libarm_cortexM4lf_math.a(arm_pid_init_f32.o)
 .debug_line    0x000000000000ede9      0x166 ../Lib/libarm_cortexM4lf_math.a(arm_sub_f32.o)
 .debug_line    0x000000000000ef4f      0x175 ../Lib/libarm_cortexM4lf_math.a(arm_mult_f32.o)

.debug_str      0x0000000000000000    0xc614f
 .debug_str     0x0000000000000000    0xc0e77 Core/Src/main.o
                                      0xc139b (size before relaxing)
 .debug_str     0x00000000000c0e77      0x137 Core/Src/stm32f3xx_hal_msp.o
                                      0xbcea3 (size before relaxing)
 .debug_str     0x00000000000c0fae       0xff Core/Src/stm32f3xx_it.o
                                      0xbc081 (size before relaxing)
 .debug_str     0x00000000000c10ad       0xc7 Core/Src/system_stm32f3xx.o
                                      0xbb91e (size before relaxing)
 .debug_str     0x00000000000c1174       0x36 Core/Startup/startup_stm32f334r8tx.o
                                         0x7e (size before relaxing)
 .debug_str     0x00000000000c11aa      0x3d9 Drivers/STM32F3xx_HAL_Driver/Src/stm32f3xx_hal.o
                                      0xbbfd0 (size before relaxing)
 .debug_str     0x00000000000c1583      0x22a Drivers/STM32F3xx_HAL_Driver/Src/stm32f3xx_hal_adc.o
                                      0xbbf35 (size before relaxing)
 .debug_str     0x00000000000c17ad      0x6ba Drivers/STM32F3xx_HAL_Driver/Src/stm32f3xx_hal_adc_ex.o
                                      0xbc562 (size before relaxing)
 .debug_str     0x00000000000c1e67      0x2a0 Drivers/STM32F3xx_HAL_Driver/Src/stm32f3xx_hal_cortex.o
                                      0xbbfb1 (size before relaxing)
 .debug_str     0x00000000000c2107      0x23c Drivers/STM32F3xx_HAL_Driver/Src/stm32f3xx_hal_dma.o
                                      0xbbc84 (size before relaxing)
 .debug_str     0x00000000000c2343      0x250 Drivers/STM32F3xx_HAL_Driver/Src/stm32f3xx_hal_gpio.o
                                      0xbbbe2 (size before relaxing)
 .debug_str     0x00000000000c2593     0x1526 Drivers/STM32F3xx_HAL_Driver/Src/stm32f3xx_hal_hrtim.o
                                      0xbd71b (size before relaxing)
 .debug_str     0x00000000000c3ab9      0x304 Drivers/STM32F3xx_HAL_Driver/Src/stm32f3xx_hal_rcc.o
                                      0xbbd78 (size before relaxing)
 .debug_str     0x00000000000c3dbd       0xd8 Drivers/STM32F3xx_HAL_Driver/Src/stm32f3xx_hal_rcc_ex.o
                                      0xbbaa1 (size before relaxing)
 .debug_str     0x00000000000c3e95      0x566 Drivers/STM32F3xx_HAL_Driver/Src/stm32f3xx_hal_spi.o
                                      0xbc1d7 (size before relaxing)
 .debug_str     0x00000000000c43fb      0xd9c Drivers/STM32F3xx_HAL_Driver/Src/stm32f3xx_hal_tim.o
                                      0xbcb0b (size before relaxing)
 .debug_str     0x00000000000c5197      0x591 Drivers/STM32F3xx_HAL_Driver/Src/stm32f3xx_hal_tim_ex.o
                                      0xbc312 (size before relaxing)
 .debug_str     0x00000000000c5728      0x7dc Drivers/STM32F3xx_HAL_Driver/Src/stm32f3xx_hal_uart.o
                                      0xbc4d8 (size before relaxing)
 .debug_str     0x00000000000c5f04      0x177 ../Lib/libarm_cortexM4lf_math.a(arm_pid_init_f32.o)
                                        0x250 (size before relaxing)
 .debug_str     0x00000000000c607b       0x84 ../Lib/libarm_cortexM4lf_math.a(arm_sub_f32.o)
                                        0x267 (size before relaxing)
 .debug_str     0x00000000000c60ff       0x50 ../Lib/libarm_cortexM4lf_math.a(arm_mult_f32.o)
                                        0x27d (size before relaxing)

.comment        0x0000000000000000       0xe9
 .comment       0x0000000000000000       0x7b Core/Src/main.o
                                         0x7c (size before relaxing)
 .comment       0x000000000000007b       0x7c Core/Src/stm32f3xx_hal_msp.o
 .comment       0x000000000000007b       0x7c Core/Src/stm32f3xx_it.o
 .comment       0x000000000000007b       0x7c Core/Src/system_stm32f3xx.o
 .comment       0x000000000000007b       0x7c Drivers/STM32F3xx_HAL_Driver/Src/stm32f3xx_hal.o
 .comment       0x000000000000007b       0x7c Drivers/STM32F3xx_HAL_Driver/Src/stm32f3xx_hal_adc.o
 .comment       0x000000000000007b       0x7c Drivers/STM32F3xx_HAL_Driver/Src/stm32f3xx_hal_adc_ex.o
 .comment       0x000000000000007b       0x7c Drivers/STM32F3xx_HAL_Driver/Src/stm32f3xx_hal_cortex.o
 .comment       0x000000000000007b       0x7c Drivers/STM32F3xx_HAL_Driver/Src/stm32f3xx_hal_dma.o
 .comment       0x000000000000007b       0x7c Drivers/STM32F3xx_HAL_Driver/Src/stm32f3xx_hal_gpio.o
 .comment       0x000000000000007b       0x7c Drivers/STM32F3xx_HAL_Driver/Src/stm32f3xx_hal_hrtim.o
 .comment       0x000000000000007b       0x7c Drivers/STM32F3xx_HAL_Driver/Src/stm32f3xx_hal_rcc.o
 .comment       0x000000000000007b       0x7c Drivers/STM32F3xx_HAL_Driver/Src/stm32f3xx_hal_rcc_ex.o
 .comment       0x000000000000007b       0x7c Drivers/STM32F3xx_HAL_Driver/Src/stm32f3xx_hal_spi.o
 .comment       0x000000000000007b       0x7c Drivers/STM32F3xx_HAL_Driver/Src/stm32f3xx_hal_tim.o
 .comment       0x000000000000007b       0x7c Drivers/STM32F3xx_HAL_Driver/Src/stm32f3xx_hal_tim_ex.o
 .comment       0x000000000000007b       0x7c Drivers/STM32F3xx_HAL_Driver/Src/stm32f3xx_hal_uart.o
 .comment       0x000000000000007b       0x6e ../Lib/libarm_cortexM4lf_math.a(arm_pid_init_f32.o)
                                         0x6f (size before relaxing)
 .comment       0x00000000000000e9       0x6f ../Lib/libarm_cortexM4lf_math.a(arm_sub_f32.o)
 .comment       0x00000000000000e9       0x6f ../Lib/libarm_cortexM4lf_math.a(arm_mult_f32.o)

.debug_frame    0x0000000000000000     0x5b2c
 .debug_frame   0x0000000000000000      0x1ac Core/Src/main.o
 .debug_frame   0x00000000000001ac      0x1c8 Core/Src/stm32f3xx_hal_msp.o
 .debug_frame   0x0000000000000374      0x160 Core/Src/stm32f3xx_it.o
 .debug_frame   0x00000000000004d4       0x58 Core/Src/system_stm32f3xx.o
 .debug_frame   0x000000000000052c      0x334 Drivers/STM32F3xx_HAL_Driver/Src/stm32f3xx_hal.o
 .debug_frame   0x0000000000000860      0x380 Drivers/STM32F3xx_HAL_Driver/Src/stm32f3xx_hal_adc.o
 .debug_frame   0x0000000000000be0      0x638 Drivers/STM32F3xx_HAL_Driver/Src/stm32f3xx_hal_adc_ex.o
 .debug_frame   0x0000000000001218      0x428 Drivers/STM32F3xx_HAL_Driver/Src/stm32f3xx_hal_cortex.o
 .debug_frame   0x0000000000001640      0x224 Drivers/STM32F3xx_HAL_Driver/Src/stm32f3xx_hal_dma.o
 .debug_frame   0x0000000000001864      0x14c Drivers/STM32F3xx_HAL_Driver/Src/stm32f3xx_hal_gpio.o
 .debug_frame   0x00000000000019b0     0x1358 Drivers/STM32F3xx_HAL_Driver/Src/stm32f3xx_hal_hrtim.o
 .debug_frame   0x0000000000002d08      0x214 Drivers/STM32F3xx_HAL_Driver/Src/stm32f3xx_hal_rcc.o
 .debug_frame   0x0000000000002f1c       0xb4 Drivers/STM32F3xx_HAL_Driver/Src/stm32f3xx_hal_rcc_ex.o
 .debug_frame   0x0000000000002fd0      0x860 Drivers/STM32F3xx_HAL_Driver/Src/stm32f3xx_hal_spi.o
 .debug_frame   0x0000000000003830     0x1190 Drivers/STM32F3xx_HAL_Driver/Src/stm32f3xx_hal_tim.o
 .debug_frame   0x00000000000049c0      0x610 Drivers/STM32F3xx_HAL_Driver/Src/stm32f3xx_hal_tim_ex.o
 .debug_frame   0x0000000000004fd0      0x970 Drivers/STM32F3xx_HAL_Driver/Src/stm32f3xx_hal_uart.o
 .debug_frame   0x0000000000005940       0x20 ../Lib/libarm_cortexM4lf_math.a(arm_pid_init_f32.o)
 .debug_frame   0x0000000000005960       0x30 ../Lib/libarm_cortexM4lf_math.a(arm_sub_f32.o)
 .debug_frame   0x0000000000005990       0x30 ../Lib/libarm_cortexM4lf_math.a(arm_mult_f32.o)
 .debug_frame   0x00000000000059c0       0x2c /opt/st/stm32cubeide_1.4.0/plugins/com.st.stm32cube.ide.mcu.externaltools.gnu-tools-for-stm32.7-2018-q2-update.linux64_1.4.0.202007081208/tools/bin/../lib/gcc/arm-none-eabi/7.3.1/../../../../arm-none-eabi/lib/thumb/v7e-m/fpv4-sp/hard/libc_nano.a(lib_a-init.o)
 .debug_frame   0x00000000000059ec       0x20 /opt/st/stm32cubeide_1.4.0/plugins/com.st.stm32cube.ide.mcu.externaltools.gnu-tools-for-stm32.7-2018-q2-update.linux64_1.4.0.202007081208/tools/bin/../lib/gcc/arm-none-eabi/7.3.1/../../../../arm-none-eabi/lib/thumb/v7e-m/fpv4-sp/hard/libc_nano.a(lib_a-memset.o)
 .debug_frame   0x0000000000005a0c       0xac /opt/st/stm32cubeide_1.4.0/plugins/com.st.stm32cube.ide.mcu.externaltools.gnu-tools-for-stm32.7-2018-q2-update.linux64_1.4.0.202007081208/tools/bin/../lib/gcc/arm-none-eabi/7.3.1/thumb/v7e-m/fpv4-sp/hard/libgcc.a(_arm_addsubdf3.o)
 .debug_frame   0x0000000000005ab8       0x50 /opt/st/stm32cubeide_1.4.0/plugins/com.st.stm32cube.ide.mcu.externaltools.gnu-tools-for-stm32.7-2018-q2-update.linux64_1.4.0.202007081208/tools/bin/../lib/gcc/arm-none-eabi/7.3.1/thumb/v7e-m/fpv4-sp/hard/libgcc.a(_arm_muldivdf3.o)
 .debug_frame   0x0000000000005b08       0x24 /opt/st/stm32cubeide_1.4.0/plugins/com.st.stm32cube.ide.mcu.externaltools.gnu-tools-for-stm32.7-2018-q2-update.linux64_1.4.0.202007081208/tools/bin/../lib/gcc/arm-none-eabi/7.3.1/thumb/v7e-m/fpv4-sp/hard/libgcc.a(_arm_truncdfsf2.o)

.debug_loc      0x0000000000000000      0x44e
 .debug_loc     0x0000000000000000      0x1fc ../Lib/libarm_cortexM4lf_math.a(arm_sub_f32.o)
 .debug_loc     0x00000000000001fc      0x252 ../Lib/libarm_cortexM4lf_math.a(arm_mult_f32.o)
