17:21:34 **** Incremental Build of configuration Debug for project Interleaved_Boost ****
make -j8 all 
arm-none-eabi-gcc "../Core/Src/main.c" -mcpu=cortex-m4 -std=gnu11 -g3 -DUSE_HAL_DRIVER -DSTM32F334x8 -DDEBUG -c -I../Core/Inc -I../Drivers/STM32F3xx_HAL_Driver/Inc -I../Drivers/STM32F3xx_HAL_Driver/Inc/Legacy -I../Drivers/CMSIS/Device/ST/STM32F3xx/Include -I../Drivers/CMSIS/Include -I/home/jal/Documents/CMSIS/CMSIS_5-5.4.0/CMSIS/DSP/Include -O0 -ffunction-sections -fdata-sections -Wall -fstack-usage -MMD -MP -MF"Core/Src/main.d" -MT"Core/Src/main.o" --specs=nano.specs -mfpu=fpv4-sp-d16 -mfloat-abi=hard -mthumb -o "Core/Src/main.o"
arm-none-eabi-gcc -o "Interleaved_Boost.elf" @"objects.list"  -larm_cortexM4lf_math -mcpu=cortex-m4 -T"/home/jal/Documents/OwnTech/1leg/Software/AC.zip_expanded/Interleaved_Boost/STM32F334R8TX_FLASH.ld" --specs=nosys.specs -Wl,-Map="Interleaved_Boost.map" -Wl,--gc-sections -static -L"../Lib" --specs=nano.specs -mfpu=fpv4-sp-d16 -mfloat-abi=hard -mthumb -Wl,--start-group -lc -lm -Wl,--end-group
Finished building target: Interleaved_Boost.elf
 
arm-none-eabi-objdump -h -S  Interleaved_Boost.elf  > "Interleaved_Boost.list"
arm-none-eabi-objcopy  -O binary  Interleaved_Boost.elf  "Interleaved_Boost.bin"
arm-none-eabi-size   Interleaved_Boost.elf 
   text	   data	    bss	    dec	    hex	filename
  24984	     68	   2508	  27560	   6ba8	Interleaved_Boost.elf
Finished building: default.size.stdout
 
Finished building: Interleaved_Boost.bin
 
Finished building: Interleaved_Boost.list
 

17:21:34 Build Finished. 0 errors, 0 warnings. (took 524ms)

