Archive member included to satisfy reference by file (symbol)

../Lib/libarm_cortexM4lf_math.a(arm_pid_init_f32.o)
                              Core/Src/main.o (arm_pid_init_f32)
../Lib/libarm_cortexM4lf_math.a(arm_sub_f32.o)
                              Core/Src/main.o (arm_sub_f32)
../Lib/libarm_cortexM4lf_math.a(arm_mult_f32.o)
                              Core/Src/main.o (arm_mult_f32)
/opt/st/stm32cubeide_1.4.0/plugins/com.st.stm32cube.ide.mcu.externaltools.gnu-tools-for-stm32.7-2018-q2-update.linux64_1.4.0.202007081208/tools/bin/../lib/gcc/arm-none-eabi/7.3.1/../../../../arm-none-eabi/lib/thumb/v7e-m/fpv4-sp/hard/libc_nano.a(lib_a-errno.o)
                              Core/Src/syscalls.o (__errno)
/opt/st/stm32cubeide_1.4.0/plugins/com.st.stm32cube.ide.mcu.externaltools.gnu-tools-for-stm32.7-2018-q2-update.linux64_1.4.0.202007081208/tools/bin/../lib/gcc/arm-none-eabi/7.3.1/../../../../arm-none-eabi/lib/thumb/v7e-m/fpv4-sp/hard/libc_nano.a(lib_a-exit.o)
                              /opt/st/stm32cubeide_1.4.0/plugins/com.st.stm32cube.ide.mcu.externaltools.gnu-tools-for-stm32.7-2018-q2-update.linux64_1.4.0.202007081208/tools/bin/../lib/gcc/arm-none-eabi/7.3.1/../../../../arm-none-eabi/lib/thumb/v7e-m/fpv4-sp/hard/crt0.o (exit)
/opt/st/stm32cubeide_1.4.0/plugins/com.st.stm32cube.ide.mcu.externaltools.gnu-tools-for-stm32.7-2018-q2-update.linux64_1.4.0.202007081208/tools/bin/../lib/gcc/arm-none-eabi/7.3.1/../../../../arm-none-eabi/lib/thumb/v7e-m/fpv4-sp/hard/libc_nano.a(lib_a-impure.o)
                              /opt/st/stm32cubeide_1.4.0/plugins/com.st.stm32cube.ide.mcu.externaltools.gnu-tools-for-stm32.7-2018-q2-update.linux64_1.4.0.202007081208/tools/bin/../lib/gcc/arm-none-eabi/7.3.1/../../../../arm-none-eabi/lib/thumb/v7e-m/fpv4-sp/hard/libc_nano.a(lib_a-exit.o) (_global_impure_ptr)
/opt/st/stm32cubeide_1.4.0/plugins/com.st.stm32cube.ide.mcu.externaltools.gnu-tools-for-stm32.7-2018-q2-update.linux64_1.4.0.202007081208/tools/bin/../lib/gcc/arm-none-eabi/7.3.1/../../../../arm-none-eabi/lib/thumb/v7e-m/fpv4-sp/hard/libc_nano.a(lib_a-init.o)
                              /opt/st/stm32cubeide_1.4.0/plugins/com.st.stm32cube.ide.mcu.externaltools.gnu-tools-for-stm32.7-2018-q2-update.linux64_1.4.0.202007081208/tools/bin/../lib/gcc/arm-none-eabi/7.3.1/../../../../arm-none-eabi/lib/thumb/v7e-m/fpv4-sp/hard/crt0.o (__libc_init_array)
/opt/st/stm32cubeide_1.4.0/plugins/com.st.stm32cube.ide.mcu.externaltools.gnu-tools-for-stm32.7-2018-q2-update.linux64_1.4.0.202007081208/tools/bin/../lib/gcc/arm-none-eabi/7.3.1/../../../../arm-none-eabi/lib/thumb/v7e-m/fpv4-sp/hard/libc_nano.a(lib_a-memset.o)
                              /opt/st/stm32cubeide_1.4.0/plugins/com.st.stm32cube.ide.mcu.externaltools.gnu-tools-for-stm32.7-2018-q2-update.linux64_1.4.0.202007081208/tools/bin/../lib/gcc/arm-none-eabi/7.3.1/../../../../arm-none-eabi/lib/thumb/v7e-m/fpv4-sp/hard/crt0.o (memset)

Allocating common symbols
Common symbol       size              file

error_pid           0x4               Core/Src/main.o
valuesADC2          0xc               Core/Src/main.o
hadc2               0x50              Core/Src/main.o
GainADC1            0x10              Core/Src/main.o
valuesADC1          0x10              Core/Src/main.o
ValuesADC1          0x10              Core/Src/main.o
uwTick              0x4               Drivers/STM32F3xx_HAL_Driver/Src/stm32f3xx_hal.o
pFlash              0x20              Drivers/STM32F3xx_HAL_Driver/Src/stm32f3xx_hal_flash.o
hadc1               0x50              Core/Src/main.o
hhrtim1             0xdc              Core/Src/main.o
raw_offsetADC2      0xc               Core/Src/main.o
hdma_adc1           0x44              Core/Src/main.o
rslt_pid            0x4               Core/Src/main.o
raw_offsetADC1      0x10              Core/Src/main.o
convertADC2         0xc               Core/Src/main.o
hspi1               0x64              Core/Src/main.o
huart2              0x80              Core/Src/main.o
hdma_adc2           0x44              Core/Src/main.o
convertADC1         0x10              Core/Src/main.o
GainADC2            0xc               Core/Src/main.o
ValuesADC2          0xc               Core/Src/main.o
PID_test            0x24              Core/Src/main.o

Discarded input sections

 .text          0x0000000000000000        0x0 /opt/st/stm32cubeide_1.4.0/plugins/com.st.stm32cube.ide.mcu.externaltools.gnu-tools-for-stm32.7-2018-q2-update.linux64_1.4.0.202007081208/tools/bin/../lib/gcc/arm-none-eabi/7.3.1/thumb/v7e-m/fpv4-sp/hard/crti.o
 .data          0x0000000000000000        0x0 /opt/st/stm32cubeide_1.4.0/plugins/com.st.stm32cube.ide.mcu.externaltools.gnu-tools-for-stm32.7-2018-q2-update.linux64_1.4.0.202007081208/tools/bin/../lib/gcc/arm-none-eabi/7.3.1/thumb/v7e-m/fpv4-sp/hard/crti.o
[...]
Memory Configuration

Name             Origin             Length             Attributes
CCMRAM           0x0000000010000000 0x0000000000001000 xrw
RAM              0x0000000020000000 0x0000000000003000 xrw
FLASH            0x0000000008000000 0x0000000000010000 xr
*default*        0x0000000000000000 0xffffffffffffffff

Linker script and memory map

LOAD /opt/st/stm32cubeide_1.4.0/plugins/com.st.stm32cube.ide.mcu.externaltools.gnu-tools-for-stm32.7-2018-q2-update.linux64_1.4.0.202007081208/tools/bin/../lib/gcc/arm-none-eabi/7.3.1/thumb/v7e-m/fpv4-sp/hard/crti.o
LOAD /opt/st/stm32cubeide_1.4.0/plugins/com.st.stm32cube.ide.mcu.externaltools.gnu-tools-for-stm32.7-2018-q2-update.linux64_1.4.0.202007081208/tools/bin/../lib/gcc/arm-none-eabi/7.3.1/thumb/v7e-m/fpv4-sp/hard/crtbegin.o
LOAD /opt/st/stm32cubeide_1.4.0/plugins/com.st.stm32cube.ide.mcu.externaltools.gnu-tools-for-stm32.7-2018-q2-update.linux64_1.4.0.202007081208/tools/bin/../lib/gcc/arm-none-eabi/7.3.1/../../../../arm-none-eabi/lib/thumb/v7e-m/fpv4-sp/hard/crt0.o
LOAD Core/Src/main.o
LOAD Core/Src/stm32f3xx_hal_msp.o
LOAD Core/Src/stm32f3xx_it.o
LOAD Core/Src/syscalls.o
LOAD Core/Src/sysmem.o
LOAD Core/Src/system_stm32f3xx.o
LOAD Core/Startup/startup_stm32f334r8tx.o
LOAD Drivers/STM32F3xx_HAL_Driver/Src/stm32f3xx_hal.o
LOAD Drivers/STM32F3xx_HAL_Driver/Src/stm32f3xx_hal_adc.o
LOAD Drivers/STM32F3xx_HAL_Driver/Src/stm32f3xx_hal_adc_ex.o
LOAD Drivers/STM32F3xx_HAL_Driver/Src/stm32f3xx_hal_cortex.o
LOAD Drivers/STM32F3xx_HAL_Driver/Src/stm32f3xx_hal_dma.o
LOAD Drivers/STM32F3xx_HAL_Driver/Src/stm32f3xx_hal_exti.o
LOAD Drivers/STM32F3xx_HAL_Driver/Src/stm32f3xx_hal_flash.o
LOAD Drivers/STM32F3xx_HAL_Driver/Src/stm32f3xx_hal_flash_ex.o
LOAD Drivers/STM32F3xx_HAL_Driver/Src/stm32f3xx_hal_gpio.o
LOAD Drivers/STM32F3xx_HAL_Driver/Src/stm32f3xx_hal_hrtim.o
LOAD Drivers/STM32F3xx_HAL_Driver/Src/stm32f3xx_hal_i2c.o
LOAD Drivers/STM32F3xx_HAL_Driver/Src/stm32f3xx_hal_i2c_ex.o
LOAD Drivers/STM32F3xx_HAL_Driver/Src/stm32f3xx_hal_pwr.o
LOAD Drivers/STM32F3xx_HAL_Driver/Src/stm32f3xx_hal_pwr_ex.o
LOAD Drivers/STM32F3xx_HAL_Driver/Src/stm32f3xx_hal_rcc.o
LOAD Drivers/STM32F3xx_HAL_Driver/Src/stm32f3xx_hal_rcc_ex.o
LOAD Drivers/STM32F3xx_HAL_Driver/Src/stm32f3xx_hal_spi.o
LOAD Drivers/STM32F3xx_HAL_Driver/Src/stm32f3xx_hal_spi_ex.o
LOAD Drivers/STM32F3xx_HAL_Driver/Src/stm32f3xx_hal_tim.o
LOAD Drivers/STM32F3xx_HAL_Driver/Src/stm32f3xx_hal_tim_ex.o
LOAD Drivers/STM32F3xx_HAL_Driver/Src/stm32f3xx_hal_uart.o
LOAD Drivers/STM32F3xx_HAL_Driver/Src/stm32f3xx_hal_uart_ex.o
LOAD ../Lib/libarm_cortexM4lf_math.a
START GROUP
LOAD /opt/st/stm32cubeide_1.4.0/plugins/com.st.stm32cube.ide.mcu.externaltools.gnu-tools-for-stm32.7-2018-q2-update.linux64_1.4.0.202007081208/tools/bin/../lib/gcc/arm-none-eabi/7.3.1/../../../../arm-none-eabi/lib/thumb/v7e-m/fpv4-sp/hard/libc_nano.a
LOAD /opt/st/stm32cubeide_1.4.0/plugins/com.st.stm32cube.ide.mcu.externaltools.gnu-tools-for-stm32.7-2018-q2-update.linux64_1.4.0.202007081208/tools/bin/../lib/gcc/arm-none-eabi/7.3.1/../../../../arm-none-eabi/lib/thumb/v7e-m/fpv4-sp/hard/libm.a
END GROUP
START GROUP
LOAD /opt/st/stm32cubeide_1.4.0/plugins/com.st.stm32cube.ide.mcu.externaltools.gnu-tools-for-stm32.7-2018-q2-update.linux64_1.4.0.202007081208/tools/bin/../lib/gcc/arm-none-eabi/7.3.1/thumb/v7e-m/fpv4-sp/hard/libgcc.a
LOAD /opt/st/stm32cubeide_1.4.0/plugins/com.st.stm32cube.ide.mcu.externaltools.gnu-tools-for-stm32.7-2018-q2-update.linux64_1.4.0.202007081208/tools/bin/../lib/gcc/arm-none-eabi/7.3.1/../../../../arm-none-eabi/lib/thumb/v7e-m/fpv4-sp/hard/libc_nano.a
END GROUP
START GROUP
LOAD /opt/st/stm32cubeide_1.4.0/plugins/com.st.stm32cube.ide.mcu.externaltools.gnu-tools-for-stm32.7-2018-q2-update.linux64_1.4.0.202007081208/tools/bin/../lib/gcc/arm-none-eabi/7.3.1/thumb/v7e-m/fpv4-sp/hard/libgcc.a
LOAD /opt/st/stm32cubeide_1.4.0/plugins/com.st.stm32cube.ide.mcu.externaltools.gnu-tools-for-stm32.7-2018-q2-update.linux64_1.4.0.202007081208/tools/bin/../lib/gcc/arm-none-eabi/7.3.1/../../../../arm-none-eabi/lib/thumb/v7e-m/fpv4-sp/hard/libc_nano.a
LOAD /opt/st/stm32cubeide_1.4.0/plugins/com.st.stm32cube.ide.mcu.externaltools.gnu-tools-for-stm32.7-2018-q2-update.linux64_1.4.0.202007081208/tools/bin/../lib/gcc/arm-none-eabi/7.3.1/../../../../arm-none-eabi/lib/thumb/v7e-m/fpv4-sp/hard/libnosys.a
END GROUP
START GROUP
LOAD /opt/st/stm32cubeide_1.4.0/plugins/com.st.stm32cube.ide.mcu.externaltools.gnu-tools-for-stm32.7-2018-q2-update.linux64_1.4.0.202007081208/tools/bin/../lib/gcc/arm-none-eabi/7.3.1/thumb/v7e-m/fpv4-sp/hard/libgcc.a
LOAD /opt/st/stm32cubeide_1.4.0/plugins/com.st.stm32cube.ide.mcu.externaltools.gnu-tools-for-stm32.7-2018-q2-update.linux64_1.4.0.202007081208/tools/bin/../lib/gcc/arm-none-eabi/7.3.1/../../../../arm-none-eabi/lib/thumb/v7e-m/fpv4-sp/hard/libc_nano.a
LOAD /opt/st/stm32cubeide_1.4.0/plugins/com.st.stm32cube.ide.mcu.externaltools.gnu-tools-for-stm32.7-2018-q2-update.linux64_1.4.0.202007081208/tools/bin/../lib/gcc/arm-none-eabi/7.3.1/../../../../arm-none-eabi/lib/thumb/v7e-m/fpv4-sp/hard/libnosys.a
END GROUP
LOAD /opt/st/stm32cubeide_1.4.0/plugins/com.st.stm32cube.ide.mcu.externaltools.gnu-tools-for-stm32.7-2018-q2-update.linux64_1.4.0.202007081208/tools/bin/../lib/gcc/arm-none-eabi/7.3.1/thumb/v7e-m/fpv4-sp/hard/crtend.o
LOAD /opt/st/stm32cubeide_1.4.0/plugins/com.st.stm32cube.ide.mcu.externaltools.gnu-tools-for-stm32.7-2018-q2-update.linux64_1.4.0.202007081208/tools/bin/../lib/gcc/arm-none-eabi/7.3.1/thumb/v7e-m/fpv4-sp/hard/crtn.o
                0x0000000020003000                _estack = (ORIGIN (RAM) + LENGTH (RAM))
                0x0000000000000200                _Min_Heap_Size = 0x200
                0x0000000000000400                _Min_Stack_Size = 0x400

.isr_vector     0x0000000008000000      0x188
                0x0000000008000000                . = ALIGN (0x4)
 *(.isr_vector)
 .isr_vector    0x0000000008000000      0x188 Core/Startup/startup_stm32f334r8tx.o
                0x0000000008000000                g_pfnVectors
                0x0000000008000188                . = ALIGN (0x4)

.text           0x0000000008000188     0x574c
                0x0000000008000188                . = ALIGN (0x4)
 *(.text)
 .text          0x0000000008000188       0x40 /opt/st/stm32cubeide_1.4.0/plugins/com.st.stm32cube.ide.mcu.externaltools.gnu-tools-for-stm32.7-2018-q2-update.linux64_1.4.0.202007081208/tools/bin/../lib/gcc/arm-none-eabi/7.3.1/thumb/v7e-m/fpv4-sp/hard/crtbegin.o
 *(.text*)
 .text.main     0x00000000080001c8      0x2e8 Core/Src/main.o
                0x00000000080001c8                main
 .text.SystemClock_Config
                0x00000000080004b0       0xba Core/Src/main.o
                0x00000000080004b0                SystemClock_Config
 *fill*         0x000000000800056a        0x2 
 .text.MX_ADC1_Init
                0x000000000800056c      0x134 Core/Src/main.o
 .text.MX_ADC2_Init
                0x00000000080006a0       0xf4 Core/Src/main.o
 .text.MX_HRTIM1_Init
                0x0000000008000794      0x2f8 Core/Src/main.o
 .text.MX_SPI1_Init
                0x0000000008000a8c       0x7c Core/Src/main.o
 .text.MX_USART2_UART_Init
                0x0000000008000b08       0x60 Core/Src/main.o
 .text.MX_DMA_Init
                0x0000000008000b68       0x4c Core/Src/main.o
 .text.MX_GPIO_Init
                0x0000000008000bb4       0xd0 Core/Src/main.o
 .text.Error_Handler
                0x0000000008000c84        0xe Core/Src/main.o
                0x0000000008000c84                Error_Handler
 *fill*         0x0000000008000c92        0x2 
 .text.HAL_MspInit
                0x0000000008000c94       0x48 Core/Src/stm32f3xx_hal_msp.o
                0x0000000008000c94                HAL_MspInit
 .text.HAL_ADC_MspInit
                0x0000000008000cdc      0x214 Core/Src/stm32f3xx_hal_msp.o
                0x0000000008000cdc                HAL_ADC_MspInit
 .text.HAL_HRTIM_MspInit
                0x0000000008000ef0       0x40 Core/Src/stm32f3xx_hal_msp.o
                0x0000000008000ef0                HAL_HRTIM_MspInit
 .text.HAL_HRTIM_MspPostInit
                0x0000000008000f30       0x70 Core/Src/stm32f3xx_hal_msp.o
                0x0000000008000f30                HAL_HRTIM_MspPostInit
 .text.HAL_SPI_MspInit
                0x0000000008000fa0       0xc4 Core/Src/stm32f3xx_hal_msp.o
                0x0000000008000fa0                HAL_SPI_MspInit
 .text.HAL_UART_MspInit
                0x0000000008001064       0x84 Core/Src/stm32f3xx_hal_msp.o
                0x0000000008001064                HAL_UART_MspInit
 .text.NMI_Handler
                0x00000000080010e8        0xe Core/Src/stm32f3xx_it.o
                0x00000000080010e8                NMI_Handler
 .text.HardFault_Handler
                0x00000000080010f6        0x6 Core/Src/stm32f3xx_it.o
                0x00000000080010f6                HardFault_Handler
 .text.MemManage_Handler
                0x00000000080010fc        0x6 Core/Src/stm32f3xx_it.o
                0x00000000080010fc                MemManage_Handler
 .text.BusFault_Handler
                0x0000000008001102        0x6 Core/Src/stm32f3xx_it.o
                0x0000000008001102                BusFault_Handler
 .text.UsageFault_Handler
                0x0000000008001108        0x6 Core/Src/stm32f3xx_it.o
                0x0000000008001108                UsageFault_Handler
 .text.SVC_Handler
                0x000000000800110e        0xe Core/Src/stm32f3xx_it.o
                0x000000000800110e                SVC_Handler
 .text.DebugMon_Handler
                0x000000000800111c        0xe Core/Src/stm32f3xx_it.o
                0x000000000800111c                DebugMon_Handler
 .text.PendSV_Handler
                0x000000000800112a        0xe Core/Src/stm32f3xx_it.o
                0x000000000800112a                PendSV_Handler
 .text.SysTick_Handler
                0x0000000008001138        0xc Core/Src/stm32f3xx_it.o
                0x0000000008001138                SysTick_Handler
 .text.DMA1_Channel1_IRQHandler
                0x0000000008001144       0x14 Core/Src/stm32f3xx_it.o
                0x0000000008001144                DMA1_Channel1_IRQHandler
 .text.DMA1_Channel2_IRQHandler
                0x0000000008001158       0x14 Core/Src/stm32f3xx_it.o
                0x0000000008001158                DMA1_Channel2_IRQHandler
 .text.SystemInit
                0x000000000800116c       0x2c Core/Src/system_stm32f3xx.o
                0x000000000800116c                SystemInit
 .text.Reset_Handler
                0x0000000008001198       0x50 Core/Startup/startup_stm32f334r8tx.o
                0x0000000008001198                Reset_Handler
 .text.Default_Handler
                0x00000000080011e8        0x2 Core/Startup/startup_stm32f334r8tx.o
                0x00000000080011e8                RTC_Alarm_IRQHandler
                0x00000000080011e8                HRTIM1_Master_IRQHandler
                0x00000000080011e8                TIM1_CC_IRQHandler
                0x00000000080011e8                HRTIM1_FLT_IRQHandler
                0x00000000080011e8                PVD_IRQHandler
                0x00000000080011e8                HRTIM1_TIMD_IRQHandler
                0x00000000080011e8                TAMP_STAMP_IRQHandler
                0x00000000080011e8                EXTI3_IRQHandler
                0x00000000080011e8                EXTI0_IRQHandler
                0x00000000080011e8                FPU_IRQHandler
                0x00000000080011e8                CAN_TX_IRQHandler
                0x00000000080011e8                TIM1_UP_TIM16_IRQHandler
                0x00000000080011e8                ADC1_2_IRQHandler
                0x00000000080011e8                HRTIM1_TIME_IRQHandler
                0x00000000080011e8                SPI1_IRQHandler
                0x00000000080011e8                CAN_SCE_IRQHandler
                0x00000000080011e8                HRTIM1_TIMC_IRQHandler
                0x00000000080011e8                DMA1_Channel4_IRQHandler
                0x00000000080011e8                USART3_IRQHandler
                0x00000000080011e8                DMA1_Channel7_IRQHandler
                0x00000000080011e8                TIM7_DAC2_IRQHandler
                0x00000000080011e8                CAN_RX1_IRQHandler
                0x00000000080011e8                I2C1_EV_IRQHandler
                0x00000000080011e8                DMA1_Channel6_IRQHandler
                0x00000000080011e8                TIM3_IRQHandler
                0x00000000080011e8                RCC_IRQHandler
                0x00000000080011e8                Default_Handler
                0x00000000080011e8                EXTI15_10_IRQHandler
                0x00000000080011e8                COMP2_IRQHandler
                0x00000000080011e8                HRTIM1_TIMA_IRQHandler
                0x00000000080011e8                TIM6_DAC1_IRQHandler
                0x00000000080011e8                EXTI9_5_IRQHandler
                0x00000000080011e8                RTC_WKUP_IRQHandler
                0x00000000080011e8                DMA1_Channel5_IRQHandler
                0x00000000080011e8                EXTI4_IRQHandler
                0x00000000080011e8                HRTIM1_TIMB_IRQHandler
                0x00000000080011e8                TIM1_TRG_COM_TIM17_IRQHandler
                0x00000000080011e8                DMA1_Channel3_IRQHandler
                0x00000000080011e8                WWDG_IRQHandler
                0x00000000080011e8                TIM2_IRQHandler
                0x00000000080011e8                EXTI1_IRQHandler
                0x00000000080011e8                COMP4_6_IRQHandler
                0x00000000080011e8                USART2_IRQHandler
                0x00000000080011e8                FLASH_IRQHandler
                0x00000000080011e8                USART1_IRQHandler
                0x00000000080011e8                CAN_RX0_IRQHandler
                0x00000000080011e8                I2C1_ER_IRQHandler
                0x00000000080011e8                EXTI2_TSC_IRQHandler
                0x00000000080011e8                TIM1_BRK_TIM15_IRQHandler
 *fill*         0x00000000080011ea        0x2 
 .text.HAL_Init
                0x00000000080011ec       0x2c Drivers/STM32F3xx_HAL_Driver/Src/stm32f3xx_hal.o
                0x00000000080011ec                HAL_Init
 .text.HAL_InitTick
                0x0000000008001218       0x60 Drivers/STM32F3xx_HAL_Driver/Src/stm32f3xx_hal.o
                0x0000000008001218                HAL_InitTick
 .text.HAL_IncTick
                0x0000000008001278       0x28 Drivers/STM32F3xx_HAL_Driver/Src/stm32f3xx_hal.o
                0x0000000008001278                HAL_IncTick
 .text.HAL_GetTick
                0x00000000080012a0       0x18 Drivers/STM32F3xx_HAL_Driver/Src/stm32f3xx_hal.o
                0x00000000080012a0                HAL_GetTick
 .text.HAL_ADC_ConvCpltCallback
                0x00000000080012b8       0x14 Drivers/STM32F3xx_HAL_Driver/Src/stm32f3xx_hal_adc.o
                0x00000000080012b8                HAL_ADC_ConvCpltCallback
 .text.HAL_ADC_ConvHalfCpltCallback
                0x00000000080012cc       0x14 Drivers/STM32F3xx_HAL_Driver/Src/stm32f3xx_hal_adc.o
                0x00000000080012cc                HAL_ADC_ConvHalfCpltCallback
 .text.HAL_ADC_ErrorCallback
                0x00000000080012e0       0x14 Drivers/STM32F3xx_HAL_Driver/Src/stm32f3xx_hal_adc.o
                0x00000000080012e0                HAL_ADC_ErrorCallback
 .text.HAL_ADC_Init
                0x00000000080012f4      0x324 Drivers/STM32F3xx_HAL_Driver/Src/stm32f3xx_hal_adc_ex.o
                0x00000000080012f4                HAL_ADC_Init
 .text.HAL_ADC_Start_DMA
                0x0000000008001618      0x1b4 Drivers/STM32F3xx_HAL_Driver/Src/stm32f3xx_hal_adc_ex.o
                0x0000000008001618                HAL_ADC_Start_DMA
 .text.HAL_ADC_Stop_DMA
                0x00000000080017cc       0xb8 Drivers/STM32F3xx_HAL_Driver/Src/stm32f3xx_hal_adc_ex.o
                0x00000000080017cc                HAL_ADC_Stop_DMA
 .text.HAL_ADC_ConfigChannel
                0x0000000008001884      0x584 Drivers/STM32F3xx_HAL_Driver/Src/stm32f3xx_hal_adc_ex.o
                0x0000000008001884                HAL_ADC_ConfigChannel
 .text.HAL_ADCEx_MultiModeConfigChannel
                0x0000000008001e08      0x18c Drivers/STM32F3xx_HAL_Driver/Src/stm32f3xx_hal_adc_ex.o
                0x0000000008001e08                HAL_ADCEx_MultiModeConfigChannel
 .text.ADC_DMAConvCplt
                0x0000000008001f94       0x7a Drivers/STM32F3xx_HAL_Driver/Src/stm32f3xx_hal_adc_ex.o
 .text.ADC_DMAHalfConvCplt
                0x000000000800200e       0x1c Drivers/STM32F3xx_HAL_Driver/Src/stm32f3xx_hal_adc_ex.o
 .text.ADC_DMAError
                0x000000000800202a       0x34 Drivers/STM32F3xx_HAL_Driver/Src/stm32f3xx_hal_adc_ex.o
 *fill*         0x000000000800205e        0x2 
 .text.ADC_Enable
                0x0000000008002060       0xbc Drivers/STM32F3xx_HAL_Driver/Src/stm32f3xx_hal_adc_ex.o
 .text.ADC_Disable
                0x000000000800211c       0xbe Drivers/STM32F3xx_HAL_Driver/Src/stm32f3xx_hal_adc_ex.o
 *fill*         0x00000000080021da        0x2 
 .text.ADC_ConversionStop
                0x00000000080021dc      0x15c Drivers/STM32F3xx_HAL_Driver/Src/stm32f3xx_hal_adc_ex.o
 .text.__NVIC_SetPriorityGrouping
                0x0000000008002338       0x48 Drivers/STM32F3xx_HAL_Driver/Src/stm32f3xx_hal_cortex.o
 .text.__NVIC_GetPriorityGrouping
                0x0000000008002380       0x1c Drivers/STM32F3xx_HAL_Driver/Src/stm32f3xx_hal_cortex.o
 .text.__NVIC_EnableIRQ
                0x000000000800239c       0x3c Drivers/STM32F3xx_HAL_Driver/Src/stm32f3xx_hal_cortex.o
 .text.__NVIC_SetPriority
                0x00000000080023d8       0x54 Drivers/STM32F3xx_HAL_Driver/Src/stm32f3xx_hal_cortex.o
 .text.NVIC_EncodePriority
                0x000000000800242c       0x66 Drivers/STM32F3xx_HAL_Driver/Src/stm32f3xx_hal_cortex.o
 *fill*         0x0000000008002492        0x2 
 .text.SysTick_Config
                0x0000000008002494       0x44 Drivers/STM32F3xx_HAL_Driver/Src/stm32f3xx_hal_cortex.o
 .text.HAL_NVIC_SetPriorityGrouping
                0x00000000080024d8       0x16 Drivers/STM32F3xx_HAL_Driver/Src/stm32f3xx_hal_cortex.o
                0x00000000080024d8                HAL_NVIC_SetPriorityGrouping
 .text.HAL_NVIC_SetPriority
                0x00000000080024ee       0x38 Drivers/STM32F3xx_HAL_Driver/Src/stm32f3xx_hal_cortex.o
                0x00000000080024ee                HAL_NVIC_SetPriority
 .text.HAL_NVIC_EnableIRQ
                0x0000000008002526       0x1c Drivers/STM32F3xx_HAL_Driver/Src/stm32f3xx_hal_cortex.o
                0x0000000008002526                HAL_NVIC_EnableIRQ
 .text.HAL_SYSTICK_Config
                0x0000000008002542       0x18 Drivers/STM32F3xx_HAL_Driver/Src/stm32f3xx_hal_cortex.o
                0x0000000008002542                HAL_SYSTICK_Config
 .text.HAL_DMA_Init
                0x000000000800255a       0x8e Drivers/STM32F3xx_HAL_Driver/Src/stm32f3xx_hal_dma.o
                0x000000000800255a                HAL_DMA_Init
 .text.HAL_DMA_Start_IT
                0x00000000080025e8       0xbe Drivers/STM32F3xx_HAL_Driver/Src/stm32f3xx_hal_dma.o
                0x00000000080025e8                HAL_DMA_Start_IT
 .text.HAL_DMA_Abort
                0x00000000080026a6       0x72 Drivers/STM32F3xx_HAL_Driver/Src/stm32f3xx_hal_dma.o
                0x00000000080026a6                HAL_DMA_Abort
 .text.HAL_DMA_IRQHandler
                0x0000000008002718      0x146 Drivers/STM32F3xx_HAL_Driver/Src/stm32f3xx_hal_dma.o
                0x0000000008002718                HAL_DMA_IRQHandler
 .text.DMA_SetConfig
                0x000000000800285e       0x5c Drivers/STM32F3xx_HAL_Driver/Src/stm32f3xx_hal_dma.o
 *fill*         0x00000000080028ba        0x2 
 .text.DMA_CalcBaseAndBitshift
                0x00000000080028bc       0x40 Drivers/STM32F3xx_HAL_Driver/Src/stm32f3xx_hal_dma.o
 .text.HAL_GPIO_Init
                0x00000000080028fc      0x2e4 Drivers/STM32F3xx_HAL_Driver/Src/stm32f3xx_hal_gpio.o
                0x00000000080028fc                HAL_GPIO_Init
 .text.HAL_GPIO_WritePin
                0x0000000008002be0       0x30 Drivers/STM32F3xx_HAL_Driver/Src/stm32f3xx_hal_gpio.o
                0x0000000008002be0                HAL_GPIO_WritePin
 .text.HAL_GPIO_TogglePin
                0x0000000008002c10       0x34 Drivers/STM32F3xx_HAL_Driver/Src/stm32f3xx_hal_gpio.o
                0x0000000008002c10                HAL_GPIO_TogglePin
 .text.HAL_HRTIM_Init
                0x0000000008002c44      0x198 Drivers/STM32F3xx_HAL_Driver/Src/stm32f3xx_hal_hrtim.o
                0x0000000008002c44                HAL_HRTIM_Init
 .text.HAL_HRTIM_TimeBaseConfig
                0x0000000008002ddc       0x50 Drivers/STM32F3xx_HAL_Driver/Src/stm32f3xx_hal_hrtim.o
                0x0000000008002ddc                HAL_HRTIM_TimeBaseConfig
 .text.HAL_HRTIM_WaveformTimerConfig
                0x0000000008002e2c       0xe4 Drivers/STM32F3xx_HAL_Driver/Src/stm32f3xx_hal_hrtim.o
                0x0000000008002e2c                HAL_HRTIM_WaveformTimerConfig
 .text.HAL_HRTIM_DeadTimeConfig
                0x0000000008002f10      0x100 Drivers/STM32F3xx_HAL_Driver/Src/stm32f3xx_hal_hrtim.o
                0x0000000008002f10                HAL_HRTIM_DeadTimeConfig
 .text.HAL_HRTIM_WaveformCompareConfig
                0x0000000008003010      0x2dc Drivers/STM32F3xx_HAL_Driver/Src/stm32f3xx_hal_hrtim.o
                0x0000000008003010                HAL_HRTIM_WaveformCompareConfig
 .text.HAL_HRTIM_WaveformOutputConfig
                0x00000000080032ec       0x62 Drivers/STM32F3xx_HAL_Driver/Src/stm32f3xx_hal_hrtim.o
                0x00000000080032ec                HAL_HRTIM_WaveformOutputConfig
 .text.HAL_HRTIM_WaveformOutputStart
                0x000000000800334e       0x5a Drivers/STM32F3xx_HAL_Driver/Src/stm32f3xx_hal_hrtim.o
                0x000000000800334e                HAL_HRTIM_WaveformOutputStart
 .text.HAL_HRTIM_WaveformCountStart
                0x00000000080033a8       0x56 Drivers/STM32F3xx_HAL_Driver/Src/stm32f3xx_hal_hrtim.o
                0x00000000080033a8                HAL_HRTIM_WaveformCountStart
 .text.HAL_HRTIM_UpdateEnable
                0x00000000080033fe       0x5c Drivers/STM32F3xx_HAL_Driver/Src/stm32f3xx_hal_hrtim.o
                0x00000000080033fe                HAL_HRTIM_UpdateEnable
 .text.HRTIM_MasterBase_Config
                0x000000000800345a       0x5e Drivers/STM32F3xx_HAL_Driver/Src/stm32f3xx_hal_hrtim.o
 .text.HRTIM_TimingUnitBase_Config
                0x00000000080034b8       0x80 Drivers/STM32F3xx_HAL_Driver/Src/stm32f3xx_hal_hrtim.o
 .text.HRTIM_MasterWaveform_Config
                0x0000000008003538       0xcc Drivers/STM32F3xx_HAL_Driver/Src/stm32f3xx_hal_hrtim.o
 .text.HRTIM_TimingUnitWaveform_Config
                0x0000000008003604      0x280 Drivers/STM32F3xx_HAL_Driver/Src/stm32f3xx_hal_hrtim.o
 .text.HRTIM_OutputConfig
                0x0000000008003884      0x16c Drivers/STM32F3xx_HAL_Driver/Src/stm32f3xx_hal_hrtim.o
 .text.HRTIM_ForceRegistersUpdate
                0x00000000080039f0       0xc4 Drivers/STM32F3xx_HAL_Driver/Src/stm32f3xx_hal_hrtim.o
 .text.HAL_RCC_OscConfig
                0x0000000008003ab4      0xe10 Drivers/STM32F3xx_HAL_Driver/Src/stm32f3xx_hal_rcc.o
                0x0000000008003ab4                HAL_RCC_OscConfig
 .text.HAL_RCC_ClockConfig
                0x00000000080048c4      0x2f8 Drivers/STM32F3xx_HAL_Driver/Src/stm32f3xx_hal_rcc.o
                0x00000000080048c4                HAL_RCC_ClockConfig
 .text.HAL_RCC_GetSysClockFreq
                0x0000000008004bbc       0xd4 Drivers/STM32F3xx_HAL_Driver/Src/stm32f3xx_hal_rcc.o
                0x0000000008004bbc                HAL_RCC_GetSysClockFreq
 .text.HAL_RCC_GetHCLKFreq
                0x0000000008004c90       0x18 Drivers/STM32F3xx_HAL_Driver/Src/stm32f3xx_hal_rcc.o
                0x0000000008004c90                HAL_RCC_GetHCLKFreq
 .text.HAL_RCC_GetPCLK1Freq
                0x0000000008004ca8       0x44 Drivers/STM32F3xx_HAL_Driver/Src/stm32f3xx_hal_rcc.o
                0x0000000008004ca8                HAL_RCC_GetPCLK1Freq
 .text.HAL_RCC_GetPCLK2Freq
                0x0000000008004cec       0x44 Drivers/STM32F3xx_HAL_Driver/Src/stm32f3xx_hal_rcc.o
                0x0000000008004cec                HAL_RCC_GetPCLK2Freq
 .text.HAL_RCCEx_PeriphCLKConfig
                0x0000000008004d30      0x26c Drivers/STM32F3xx_HAL_Driver/Src/stm32f3xx_hal_rcc_ex.o
                0x0000000008004d30                HAL_RCCEx_PeriphCLKConfig
 .text.HAL_SPI_Init
                0x0000000008004f9c      0x114 Drivers/STM32F3xx_HAL_Driver/Src/stm32f3xx_hal_spi.o
                0x0000000008004f9c                HAL_SPI_Init
 .text.HAL_UART_Init
                0x00000000080050b0       0x9c Drivers/STM32F3xx_HAL_Driver/Src/stm32f3xx_hal_uart.o
                0x00000000080050b0                HAL_UART_Init
 .text.UART_SetConfig
                0x000000000800514c      0x304 Drivers/STM32F3xx_HAL_Driver/Src/stm32f3xx_hal_uart.o
                0x000000000800514c                UART_SetConfig
 .text.UART_AdvFeatureConfig
                0x0000000008005450      0x144 Drivers/STM32F3xx_HAL_Driver/Src/stm32f3xx_hal_uart.o
                0x0000000008005450                UART_AdvFeatureConfig
 .text.UART_CheckIdleState
                0x0000000008005594       0x8a Drivers/STM32F3xx_HAL_Driver/Src/stm32f3xx_hal_uart.o
                0x0000000008005594                UART_CheckIdleState
 .text.UART_WaitOnFlagUntilTimeout
                0x000000000800561e       0xf6 Drivers/STM32F3xx_HAL_Driver/Src/stm32f3xx_hal_uart.o
                0x000000000800561e                UART_WaitOnFlagUntilTimeout
 .text.arm_pid_init_f32
                0x0000000008005714       0x38 ../Lib/libarm_cortexM4lf_math.a(arm_pid_init_f32.o)
                0x0000000008005714                arm_pid_init_f32
 .text.arm_sub_f32
                0x000000000800574c       0x8c ../Lib/libarm_cortexM4lf_math.a(arm_sub_f32.o)
                0x000000000800574c                arm_sub_f32
 .text.arm_mult_f32
                0x00000000080057d8       0x8c ../Lib/libarm_cortexM4lf_math.a(arm_mult_f32.o)
                0x00000000080057d8                arm_mult_f32
 .text.__libc_init_array
                0x0000000008005864       0x48 /opt/st/stm32cubeide_1.4.0/plugins/com.st.stm32cube.ide.mcu.externaltools.gnu-tools-for-stm32.7-2018-q2-update.linux64_1.4.0.202007081208/tools/bin/../lib/gcc/arm-none-eabi/7.3.1/../../../../arm-none-eabi/lib/thumb/v7e-m/fpv4-sp/hard/libc_nano.a(lib_a-init.o)
                0x0000000008005864                __libc_init_array
 .text.memset   0x00000000080058ac       0x10 /opt/st/stm32cubeide_1.4.0/plugins/com.st.stm32cube.ide.mcu.externaltools.gnu-tools-for-stm32.7-2018-q2-update.linux64_1.4.0.202007081208/tools/bin/../lib/gcc/arm-none-eabi/7.3.1/../../../../arm-none-eabi/lib/thumb/v7e-m/fpv4-sp/hard/libc_nano.a(lib_a-memset.o)
                0x00000000080058ac                memset
 *(.glue_7)
 .glue_7        0x00000000080058bc        0x0 linker stubs
 *(.glue_7t)
 .glue_7t       0x00000000080058bc        0x0 linker stubs
 *(.eh_frame)
 .eh_frame      0x00000000080058bc        0x0 /opt/st/stm32cubeide_1.4.0/plugins/com.st.stm32cube.ide.mcu.externaltools.gnu-tools-for-stm32.7-2018-q2-update.linux64_1.4.0.202007081208/tools/bin/../lib/gcc/arm-none-eabi/7.3.1/thumb/v7e-m/fpv4-sp/hard/crtbegin.o
 *(.init)
 .init          0x00000000080058bc        0x4 /opt/st/stm32cubeide_1.4.0/plugins/com.st.stm32cube.ide.mcu.externaltools.gnu-tools-for-stm32.7-2018-q2-update.linux64_1.4.0.202007081208/tools/bin/../lib/gcc/arm-none-eabi/7.3.1/thumb/v7e-m/fpv4-sp/hard/crti.o
                0x00000000080058bc                _init
 .init          0x00000000080058c0        0x8 /opt/st/stm32cubeide_1.4.0/plugins/com.st.stm32cube.ide.mcu.externaltools.gnu-tools-for-stm32.7-2018-q2-update.linux64_1.4.0.202007081208/tools/bin/../lib/gcc/arm-none-eabi/7.3.1/thumb/v7e-m/fpv4-sp/hard/crtn.o
 *(.fini)
 .fini          0x00000000080058c8        0x4 /opt/st/stm32cubeide_1.4.0/plugins/com.st.stm32cube.ide.mcu.externaltools.gnu-tools-for-stm32.7-2018-q2-update.linux64_1.4.0.202007081208/tools/bin/../lib/gcc/arm-none-eabi/7.3.1/thumb/v7e-m/fpv4-sp/hard/crti.o
                0x00000000080058c8                _fini
 .fini          0x00000000080058cc        0x8 /opt/st/stm32cubeide_1.4.0/plugins/com.st.stm32cube.ide.mcu.externaltools.gnu-tools-for-stm32.7-2018-q2-update.linux64_1.4.0.202007081208/tools/bin/../lib/gcc/arm-none-eabi/7.3.1/thumb/v7e-m/fpv4-sp/hard/crtn.o
                0x00000000080058d4                . = ALIGN (0x4)
                0x00000000080058d4                _etext = .

.vfp11_veneer   0x00000000080058d4        0x0
 .vfp11_veneer  0x00000000080058d4        0x0 linker stubs

.v4_bx          0x00000000080058d4        0x0
 .v4_bx         0x00000000080058d4        0x0 linker stubs

.iplt           0x00000000080058d4        0x0
 .iplt          0x00000000080058d4        0x0 /opt/st/stm32cubeide_1.4.0/plugins/com.st.stm32cube.ide.mcu.externaltools.gnu-tools-for-stm32.7-2018-q2-update.linux64_1.4.0.202007081208/tools/bin/../lib/gcc/arm-none-eabi/7.3.1/thumb/v7e-m/fpv4-sp/hard/crtbegin.o

.rodata         0x00000000080058d4       0x38
                0x00000000080058d4                . = ALIGN (0x4)
 *(.rodata)
 *(.rodata*)
 .rodata.AHBPrescTable
                0x00000000080058d4       0x10 Core/Src/system_stm32f3xx.o
                0x00000000080058d4                AHBPrescTable
 .rodata.APBPrescTable
                0x00000000080058e4        0x8 Core/Src/system_stm32f3xx.o
                0x00000000080058e4                APBPrescTable
 .rodata.aPLLMULFactorTable
                0x00000000080058ec       0x10 Drivers/STM32F3xx_HAL_Driver/Src/stm32f3xx_hal_rcc.o
                0x00000000080058ec                aPLLMULFactorTable
 .rodata.aPredivFactorTable
                0x00000000080058fc       0x10 Drivers/STM32F3xx_HAL_Driver/Src/stm32f3xx_hal_rcc.o
                0x00000000080058fc                aPredivFactorTable
                0x000000000800590c                . = ALIGN (0x4)

.rel.dyn        0x000000000800590c        0x0
 .rel.iplt      0x000000000800590c        0x0 /opt/st/stm32cubeide_1.4.0/plugins/com.st.stm32cube.ide.mcu.externaltools.gnu-tools-for-stm32.7-2018-q2-update.linux64_1.4.0.202007081208/tools/bin/../lib/gcc/arm-none-eabi/7.3.1/thumb/v7e-m/fpv4-sp/hard/crtbegin.o

.ARM.extab      0x000000000800590c        0x0
                0x000000000800590c                . = ALIGN (0x4)
 *(.ARM.extab* .gnu.linkonce.armextab.*)
                0x000000000800590c                . = ALIGN (0x4)

.ARM            0x000000000800590c        0x0
                0x000000000800590c                . = ALIGN (0x4)
                0x000000000800590c                __exidx_start = .
 *(.ARM.exidx*)
                0x000000000800590c                __exidx_end = .
                0x000000000800590c                . = ALIGN (0x4)

.preinit_array  0x000000000800590c        0x0
                0x000000000800590c                . = ALIGN (0x4)
                0x000000000800590c                PROVIDE (__preinit_array_start = .)
 *(.preinit_array*)
                0x000000000800590c                PROVIDE (__preinit_array_end = .)
                0x000000000800590c                . = ALIGN (0x4)

.init_array     0x000000000800590c        0x4
                0x000000000800590c                . = ALIGN (0x4)
                0x000000000800590c                PROVIDE (__init_array_start = .)
 *(SORT_BY_NAME(.init_array.*))
 *(.init_array*)
 .init_array    0x000000000800590c        0x4 /opt/st/stm32cubeide_1.4.0/plugins/com.st.stm32cube.ide.mcu.externaltools.gnu-tools-for-stm32.7-2018-q2-update.linux64_1.4.0.202007081208/tools/bin/../lib/gcc/arm-none-eabi/7.3.1/thumb/v7e-m/fpv4-sp/hard/crtbegin.o
                0x0000000008005910                PROVIDE (__init_array_end = .)
                0x0000000008005910                . = ALIGN (0x4)

.fini_array     0x0000000008005910        0x4
                0x0000000008005910                . = ALIGN (0x4)
                [!provide]                        PROVIDE (__fini_array_start = .)
 *(SORT_BY_NAME(.fini_array.*))
 *(.fini_array*)
 .fini_array    0x0000000008005910        0x4 /opt/st/stm32cubeide_1.4.0/plugins/com.st.stm32cube.ide.mcu.externaltools.gnu-tools-for-stm32.7-2018-q2-update.linux64_1.4.0.202007081208/tools/bin/../lib/gcc/arm-none-eabi/7.3.1/thumb/v7e-m/fpv4-sp/hard/crtbegin.o
                [!provide]                        PROVIDE (__fini_array_end = .)
                0x0000000008005914                . = ALIGN (0x4)
                0x0000000008005914                _sidata = LOADADDR (.data)

.data           0x0000000020000000       0x3c load address 0x0000000008005914
                0x0000000020000000                . = ALIGN (0x4)
                0x0000000020000000                _sdata = .
 *(.data)
 *(.data*)
 .data.ref      0x0000000020000000        0x4 Core/Src/main.o
                0x0000000020000000                ref
 .data.Kpgain   0x0000000020000004        0x4 Core/Src/main.o
                0x0000000020000004                Kpgain
 .data.Kigain   0x0000000020000008        0x4 Core/Src/main.o
                0x0000000020000008                Kigain
 .data.offsetADC1
                0x000000002000000c       0x10 Core/Src/main.o
                0x000000002000000c                offsetADC1
 .data.offsetADC2
                0x000000002000001c        0xc Core/Src/main.o
                0x000000002000001c                offsetADC2
 .data.dutyA    0x0000000020000028        0x2 Core/Src/main.o
                0x0000000020000028                dutyA
 .data.dutyB    0x000000002000002a        0x2 Core/Src/main.o
                0x000000002000002a                dutyB
 .data.pwm      0x000000002000002c        0x4 Core/Src/main.o
                0x000000002000002c                pwm
 .data.SystemCoreClock
                0x0000000020000030        0x4 Core/Src/system_stm32f3xx.o
                0x0000000020000030                SystemCoreClock
 .data.uwTickPrio
                0x0000000020000034        0x4 Drivers/STM32F3xx_HAL_Driver/Src/stm32f3xx_hal.o
                0x0000000020000034                uwTickPrio
 .data.uwTickFreq
                0x0000000020000038        0x1 Drivers/STM32F3xx_HAL_Driver/Src/stm32f3xx_hal.o
                0x0000000020000038                uwTickFreq
                0x000000002000003c                . = ALIGN (0x4)
 *fill*         0x0000000020000039        0x3 
                0x000000002000003c                _edata = .

.igot.plt       0x000000002000003c        0x0 load address 0x0000000008005950
 .igot.plt      0x000000002000003c        0x0 /opt/st/stm32cubeide_1.4.0/plugins/com.st.stm32cube.ide.mcu.externaltools.gnu-tools-for-stm32.7-2018-q2-update.linux64_1.4.0.202007081208/tools/bin/../lib/gcc/arm-none-eabi/7.3.1/thumb/v7e-m/fpv4-sp/hard/crtbegin.o
                0x000000002000003c                . = ALIGN (0x4)

.bss            0x000000002000003c      0x3c8 load address 0x0000000008005950
                0x000000002000003c                _sbss = .
                0x000000002000003c                __bss_start__ = _sbss
 *(.bss)
 .bss           0x000000002000003c       0x1c /opt/st/stm32cubeide_1.4.0/plugins/com.st.stm32cube.ide.mcu.externaltools.gnu-tools-for-stm32.7-2018-q2-update.linux64_1.4.0.202007081208/tools/bin/../lib/gcc/arm-none-eabi/7.3.1/thumb/v7e-m/fpv4-sp/hard/crtbegin.o
 *(.bss*)
 .bss.Kdgain    0x0000000020000058        0x4 Core/Src/main.o
                0x0000000020000058                Kdgain
 .bss.HAL_RCC_ADC12_CLK_ENABLED
                0x000000002000005c        0x4 Core/Src/stm32f3xx_hal_msp.o
 *(COMMON)
 COMMON         0x0000000020000060      0x3a0 Core/Src/main.o
                0x0000000020000060                error_pid
                0x0000000020000064                valuesADC2
                0x0000000020000070                hadc2
                0x00000000200000c0                GainADC1
                0x00000000200000d0                valuesADC1
                0x00000000200000e0                ValuesADC1
                0x00000000200000f0                hadc1
                0x0000000020000140                hhrtim1
                0x000000002000021c                raw_offsetADC2
                0x0000000020000228                hdma_adc1
                0x000000002000026c                rslt_pid
                0x0000000020000270                raw_offsetADC1
                0x0000000020000280                convertADC2
                0x000000002000028c                hspi1
                0x00000000200002f0                huart2
                0x0000000020000370                hdma_adc2
                0x00000000200003b4                convertADC1
                0x00000000200003c4                GainADC2
                0x00000000200003d0                ValuesADC2
                0x00000000200003dc                PID_test
 COMMON         0x0000000020000400        0x4 Drivers/STM32F3xx_HAL_Driver/Src/stm32f3xx_hal.o
                0x0000000020000400                uwTick
                0x0000000020000404                . = ALIGN (0x4)
                0x0000000020000404                _ebss = .
                0x0000000020000404                __bss_end__ = _ebss

._user_heap_stack
                0x0000000020000404      0x604 load address 0x0000000008005950
                0x0000000020000408                . = ALIGN (0x8)
 *fill*         0x0000000020000404        0x4 
                [!provide]                        PROVIDE (end = .)
                0x0000000020000408                PROVIDE (_end = .)
                0x0000000020000608                . = (. + _Min_Heap_Size)
 *fill*         0x0000000020000408      0x200 
                0x0000000020000a08                . = (. + _Min_Stack_Size)
 *fill*         0x0000000020000608      0x400 
                0x0000000020000a08                . = ALIGN (0x8)

/DISCARD/
 libc.a(*)
 libm.a(*)
 libgcc.a(*)

.ARM.attributes
                0x0000000000000000       0x30
 *(.ARM.attributes)
 .ARM.attributes
                0x0000000000000000       0x22 /opt/st/stm32cubeide_1.4.0/plugins/com.st.stm32cube.ide.mcu.externaltools.gnu-tools-for-stm32.7-2018-q2-update.linux64_1.4.0.202007081208/tools/bin/../lib/gcc/arm-none-eabi/7.3.1/thumb/v7e-m/fpv4-sp/hard/crti.o
 .ARM.attributes
                0x0000000000000022       0x34 /opt/st/stm32cubeide_1.4.0/plugins/com.st.stm32cube.ide.mcu.externaltools.gnu-tools-for-stm32.7-2018-q2-update.linux64_1.4.0.202007081208/tools/bin/../lib/gcc/arm-none-eabi/7.3.1/thumb/v7e-m/fpv4-sp/hard/crtbegin.o
 .ARM.attributes
                0x0000000000000056       0x39 Core/Src/main.o
 .ARM.attributes
                0x000000000000008f       0x39 Core/Src/stm32f3xx_hal_msp.o
 .ARM.attributes
                0x00000000000000c8       0x39 Core/Src/stm32f3xx_it.o
 .ARM.attributes
                0x0000000000000101       0x39 Core/Src/system_stm32f3xx.o
 .ARM.attributes
                0x000000000000013a       0x21 Core/Startup/startup_stm32f334r8tx.o
 .ARM.attributes
                0x000000000000015b       0x39 Drivers/STM32F3xx_HAL_Driver/Src/stm32f3xx_hal.o
 .ARM.attributes
                0x0000000000000194       0x39 Drivers/STM32F3xx_HAL_Driver/Src/stm32f3xx_hal_adc.o
 .ARM.attributes
                0x00000000000001cd       0x39 Drivers/STM32F3xx_HAL_Driver/Src/stm32f3xx_hal_adc_ex.o
 .ARM.attributes
                0x0000000000000206       0x39 Drivers/STM32F3xx_HAL_Driver/Src/stm32f3xx_hal_cortex.o
 .ARM.attributes
                0x000000000000023f       0x39 Drivers/STM32F3xx_HAL_Driver/Src/stm32f3xx_hal_dma.o
 .ARM.attributes
                0x0000000000000278       0x39 Drivers/STM32F3xx_HAL_Driver/Src/stm32f3xx_hal_gpio.o
 .ARM.attributes
                0x00000000000002b1       0x39 Drivers/STM32F3xx_HAL_Driver/Src/stm32f3xx_hal_hrtim.o
 .ARM.attributes
                0x00000000000002ea       0x39 Drivers/STM32F3xx_HAL_Driver/Src/stm32f3xx_hal_rcc.o
 .ARM.attributes
                0x0000000000000323       0x39 Drivers/STM32F3xx_HAL_Driver/Src/stm32f3xx_hal_rcc_ex.o
 .ARM.attributes
                0x000000000000035c       0x39 Drivers/STM32F3xx_HAL_Driver/Src/stm32f3xx_hal_spi.o
 .ARM.attributes
                0x0000000000000395       0x39 Drivers/STM32F3xx_HAL_Driver/Src/stm32f3xx_hal_uart.o
 .ARM.attributes
                0x00000000000003ce       0x39 ../Lib/libarm_cortexM4lf_math.a(arm_pid_init_f32.o)
 .ARM.attributes
                0x0000000000000407       0x39 ../Lib/libarm_cortexM4lf_math.a(arm_sub_f32.o)
 .ARM.attributes
                0x0000000000000440       0x39 ../Lib/libarm_cortexM4lf_math.a(arm_mult_f32.o)
 .ARM.attributes
                0x0000000000000479       0x34 /opt/st/stm32cubeide_1.4.0/plugins/com.st.stm32cube.ide.mcu.externaltools.gnu-tools-for-stm32.7-2018-q2-update.linux64_1.4.0.202007081208/tools/bin/../lib/gcc/arm-none-eabi/7.3.1/../../../../arm-none-eabi/lib/thumb/v7e-m/fpv4-sp/hard/libc_nano.a(lib_a-init.o)
 .ARM.attributes
                0x00000000000004ad       0x34 /opt/st/stm32cubeide_1.4.0/plugins/com.st.stm32cube.ide.mcu.externaltools.gnu-tools-for-stm32.7-2018-q2-update.linux64_1.4.0.202007081208/tools/bin/../lib/gcc/arm-none-eabi/7.3.1/../../../../arm-none-eabi/lib/thumb/v7e-m/fpv4-sp/hard/libc_nano.a(lib_a-memset.o)
 .ARM.attributes
                0x00000000000004e1       0x22 /opt/st/stm32cubeide_1.4.0/plugins/com.st.stm32cube.ide.mcu.externaltools.gnu-tools-for-stm32.7-2018-q2-update.linux64_1.4.0.202007081208/tools/bin/../lib/gcc/arm-none-eabi/7.3.1/thumb/v7e-m/fpv4-sp/hard/crtn.o
OUTPUT(Test_prototype.elf elf32-littlearm)

.debug_info     0x0000000000000000    0x10e6e
 .debug_info    0x0000000000000000     0x27e1 Core/Src/main.o
 .debug_info    0x00000000000027e1     0x1790 Core/Src/stm32f3xx_hal_msp.o
 .debug_info    0x0000000000003f71      0x44a Core/Src/stm32f3xx_it.o
 .debug_info    0x00000000000043bb      0x45c Core/Src/system_stm32f3xx.o
 .debug_info    0x0000000000004817       0x22 Core/Startup/startup_stm32f334r8tx.o
 .debug_info    0x0000000000004839      0x782 Drivers/STM32F3xx_HAL_Driver/Src/stm32f3xx_hal.o
 .debug_info    0x0000000000004fbb      0xbce Drivers/STM32F3xx_HAL_Driver/Src/stm32f3xx_hal_adc.o
 .debug_info    0x0000000000005b89     0x1571 Drivers/STM32F3xx_HAL_Driver/Src/stm32f3xx_hal_adc_ex.o
 .debug_info    0x00000000000070fa      0xb7e Drivers/STM32F3xx_HAL_Driver/Src/stm32f3xx_hal_cortex.o
 .debug_info    0x0000000000007c78      0x7cb Drivers/STM32F3xx_HAL_Driver/Src/stm32f3xx_hal_dma.o
 .debug_info    0x0000000000008443      0x7c1 Drivers/STM32F3xx_HAL_Driver/Src/stm32f3xx_hal_gpio.o
 .debug_info    0x0000000000008c04     0x33cb Drivers/STM32F3xx_HAL_Driver/Src/stm32f3xx_hal_hrtim.o
 .debug_info    0x000000000000bfcf     0x180f Drivers/STM32F3xx_HAL_Driver/Src/stm32f3xx_hal_rcc.o
 .debug_info    0x000000000000d7de      0x61f Drivers/STM32F3xx_HAL_Driver/Src/stm32f3xx_hal_rcc_ex.o
 .debug_info    0x000000000000ddfd     0x160b Drivers/STM32F3xx_HAL_Driver/Src/stm32f3xx_hal_spi.o
 .debug_info    0x000000000000f408     0x1592 Drivers/STM32F3xx_HAL_Driver/Src/stm32f3xx_hal_uart.o
 .debug_info    0x000000000001099a      0x176 ../Lib/libarm_cortexM4lf_math.a(arm_pid_init_f32.o)
 .debug_info    0x0000000000010b10      0x195 ../Lib/libarm_cortexM4lf_math.a(arm_sub_f32.o)
 .debug_info    0x0000000000010ca5      0x1c9 ../Lib/libarm_cortexM4lf_math.a(arm_mult_f32.o)

.debug_abbrev   0x0000000000000000     0x2037
 .debug_abbrev  0x0000000000000000      0x2e0 Core/Src/main.o
 .debug_abbrev  0x00000000000002e0      0x1fa Core/Src/stm32f3xx_hal_msp.o
 .debug_abbrev  0x00000000000004da      0x149 Core/Src/stm32f3xx_it.o
 .debug_abbrev  0x0000000000000623      0x12b Core/Src/system_stm32f3xx.o
 .debug_abbrev  0x000000000000074e       0x12 Core/Startup/startup_stm32f334r8tx.o
 .debug_abbrev  0x0000000000000760      0x1c7 Drivers/STM32F3xx_HAL_Driver/Src/stm32f3xx_hal.o
 .debug_abbrev  0x0000000000000927      0x187 Drivers/STM32F3xx_HAL_Driver/Src/stm32f3xx_hal_adc.o
 .debug_abbrev  0x0000000000000aae      0x225 Drivers/STM32F3xx_HAL_Driver/Src/stm32f3xx_hal_adc_ex.o
 .debug_abbrev  0x0000000000000cd3      0x2d5 Drivers/STM32F3xx_HAL_Driver/Src/stm32f3xx_hal_cortex.o
 .debug_abbrev  0x0000000000000fa8      0x1fe Drivers/STM32F3xx_HAL_Driver/Src/stm32f3xx_hal_dma.o
 .debug_abbrev  0x00000000000011a6      0x1c0 Drivers/STM32F3xx_HAL_Driver/Src/stm32f3xx_hal_gpio.o
 .debug_abbrev  0x0000000000001366      0x235 Drivers/STM32F3xx_HAL_Driver/Src/stm32f3xx_hal_hrtim.o
 .debug_abbrev  0x000000000000159b      0x28c Drivers/STM32F3xx_HAL_Driver/Src/stm32f3xx_hal_rcc.o
 .debug_abbrev  0x0000000000001827      0x208 Drivers/STM32F3xx_HAL_Driver/Src/stm32f3xx_hal_rcc_ex.o
 .debug_abbrev  0x0000000000001a2f      0x228 Drivers/STM32F3xx_HAL_Driver/Src/stm32f3xx_hal_spi.o
 .debug_abbrev  0x0000000000001c57      0x205 Drivers/STM32F3xx_HAL_Driver/Src/stm32f3xx_hal_uart.o
 .debug_abbrev  0x0000000000001e5c       0xc4 ../Lib/libarm_cortexM4lf_math.a(arm_pid_init_f32.o)
 .debug_abbrev  0x0000000000001f20       0x85 ../Lib/libarm_cortexM4lf_math.a(arm_sub_f32.o)
 .debug_abbrev  0x0000000000001fa5       0x92 ../Lib/libarm_cortexM4lf_math.a(arm_mult_f32.o)

.debug_aranges  0x0000000000000000      0xf90
 .debug_aranges
                0x0000000000000000       0x68 Core/Src/main.o
 .debug_aranges
                0x0000000000000068       0x68 Core/Src/stm32f3xx_hal_msp.o
 .debug_aranges
                0x00000000000000d0       0x70 Core/Src/stm32f3xx_it.o
 .debug_aranges
                0x0000000000000140       0x28 Core/Src/system_stm32f3xx.o
 .debug_aranges
                0x0000000000000168       0x28 Core/Startup/startup_stm32f334r8tx.o
 .debug_aranges
                0x0000000000000190       0xe0 Drivers/STM32F3xx_HAL_Driver/Src/stm32f3xx_hal.o
 .debug_aranges
                0x0000000000000270       0xc8 Drivers/STM32F3xx_HAL_Driver/Src/stm32f3xx_hal_adc.o
 .debug_aranges
                0x0000000000000338      0x168 Drivers/STM32F3xx_HAL_Driver/Src/stm32f3xx_hal_adc_ex.o
 .debug_aranges
                0x00000000000004a0      0x100 Drivers/STM32F3xx_HAL_Driver/Src/stm32f3xx_hal_cortex.o
 .debug_aranges
                0x00000000000005a0       0x88 Drivers/STM32F3xx_HAL_Driver/Src/stm32f3xx_hal_dma.o
 .debug_aranges
                0x0000000000000628       0x58 Drivers/STM32F3xx_HAL_Driver/Src/stm32f3xx_hal_gpio.o
 .debug_aranges
                0x0000000000000680      0x408 Drivers/STM32F3xx_HAL_Driver/Src/stm32f3xx_hal_hrtim.o
 .debug_aranges
                0x0000000000000a88       0x88 Drivers/STM32F3xx_HAL_Driver/Src/stm32f3xx_hal_rcc.o
 .debug_aranges
                0x0000000000000b10       0x38 Drivers/STM32F3xx_HAL_Driver/Src/stm32f3xx_hal_rcc_ex.o
 .debug_aranges
                0x0000000000000b48      0x1d8 Drivers/STM32F3xx_HAL_Driver/Src/stm32f3xx_hal_spi.o
 .debug_aranges
                0x0000000000000d20      0x210 Drivers/STM32F3xx_HAL_Driver/Src/stm32f3xx_hal_uart.o
 .debug_aranges
                0x0000000000000f30       0x20 ../Lib/libarm_cortexM4lf_math.a(arm_pid_init_f32.o)
 .debug_aranges
                0x0000000000000f50       0x20 ../Lib/libarm_cortexM4lf_math.a(arm_sub_f32.o)
 .debug_aranges
                0x0000000000000f70       0x20 ../Lib/libarm_cortexM4lf_math.a(arm_mult_f32.o)

.debug_ranges   0x0000000000000000      0xe68
 .debug_ranges  0x0000000000000000       0x58 Core/Src/main.o
 .debug_ranges  0x0000000000000058       0x58 Core/Src/stm32f3xx_hal_msp.o
 .debug_ranges  0x00000000000000b0       0x60 Core/Src/stm32f3xx_it.o
 .debug_ranges  0x0000000000000110       0x18 Core/Src/system_stm32f3xx.o
 .debug_ranges  0x0000000000000128       0x20 Core/Startup/startup_stm32f334r8tx.o
 .debug_ranges  0x0000000000000148       0xd0 Drivers/STM32F3xx_HAL_Driver/Src/stm32f3xx_hal.o
 .debug_ranges  0x0000000000000218       0xb8 Drivers/STM32F3xx_HAL_Driver/Src/stm32f3xx_hal_adc.o
 .debug_ranges  0x00000000000002d0      0x158 Drivers/STM32F3xx_HAL_Driver/Src/stm32f3xx_hal_adc_ex.o
 .debug_ranges  0x0000000000000428       0xf0 Drivers/STM32F3xx_HAL_Driver/Src/stm32f3xx_hal_cortex.o
 .debug_ranges  0x0000000000000518       0x78 Drivers/STM32F3xx_HAL_Driver/Src/stm32f3xx_hal_dma.o
 .debug_ranges  0x0000000000000590       0x48 Drivers/STM32F3xx_HAL_Driver/Src/stm32f3xx_hal_gpio.o
 .debug_ranges  0x00000000000005d8      0x3f8 Drivers/STM32F3xx_HAL_Driver/Src/stm32f3xx_hal_hrtim.o
 .debug_ranges  0x00000000000009d0       0x78 Drivers/STM32F3xx_HAL_Driver/Src/stm32f3xx_hal_rcc.o
 .debug_ranges  0x0000000000000a48       0x28 Drivers/STM32F3xx_HAL_Driver/Src/stm32f3xx_hal_rcc_ex.o
 .debug_ranges  0x0000000000000a70      0x1c8 Drivers/STM32F3xx_HAL_Driver/Src/stm32f3xx_hal_spi.o
 .debug_ranges  0x0000000000000c38      0x200 Drivers/STM32F3xx_HAL_Driver/Src/stm32f3xx_hal_uart.o
 .debug_ranges  0x0000000000000e38       0x10 ../Lib/libarm_cortexM4lf_math.a(arm_pid_init_f32.o)
 .debug_ranges  0x0000000000000e48       0x10 ../Lib/libarm_cortexM4lf_math.a(arm_sub_f32.o)
 .debug_ranges  0x0000000000000e58       0x10 ../Lib/libarm_cortexM4lf_math.a(arm_mult_f32.o)

.debug_macro    0x0000000000000000    0x1e47a
 .debug_macro   0x0000000000000000      0x30e Core/Src/main.o
 .debug_macro   0x000000000000030e      0xa5a Core/Src/main.o
 .debug_macro   0x0000000000000d68      0x163 Core/Src/main.o
 .debug_macro   0x0000000000000ecb       0x2e Core/Src/main.o
 .debug_macro   0x0000000000000ef9       0x28 Core/Src/main.o
 .debug_macro   0x0000000000000f21       0x22 Core/Src/main.o
 .debug_macro   0x0000000000000f43       0x8e Core/Src/main.o
 .debug_macro   0x0000000000000fd1       0x51 Core/Src/main.o
 .debug_macro   0x0000000000001022       0xef Core/Src/main.o
 .debug_macro   0x0000000000001111       0x6a Core/Src/main.o
 .debug_macro   0x000000000000117b      0x1df Core/Src/main.o
 .debug_macro   0x000000000000135a       0x1c Core/Src/main.o
 .debug_macro   0x0000000000001376       0x22 Core/Src/main.o
 .debug_macro   0x0000000000001398       0xdf Core/Src/main.o
 .debug_macro   0x0000000000001477      0xf07 Core/Src/main.o
 .debug_macro   0x000000000000237e    0x15464 Core/Src/main.o
 .debug_macro   0x00000000000177e2       0x43 Core/Src/main.o
 .debug_macro   0x0000000000017825      0x174 Core/Src/main.o
 .debug_macro   0x0000000000017999       0x53 Core/Src/main.o
 .debug_macro   0x00000000000179ec      0x8f9 Core/Src/main.o
 .debug_macro   0x00000000000182e5      0x358 Core/Src/main.o
 .debug_macro   0x000000000001863d      0x12f Core/Src/main.o
 .debug_macro   0x000000000001876c      0x130 Core/Src/main.o
 .debug_macro   0x000000000001889c      0x1d5 Core/Src/main.o
 .debug_macro   0x0000000000018a71      0x1bc Core/Src/main.o
 .debug_macro   0x0000000000018c2d       0x34 Core/Src/main.o
 .debug_macro   0x0000000000018c61       0x3c Core/Src/main.o
 .debug_macro   0x0000000000018c9d       0x57 Core/Src/main.o
 .debug_macro   0x0000000000018cf4      0x845 Core/Src/main.o
 .debug_macro   0x0000000000019539       0x77 Core/Src/main.o
 .debug_macro   0x00000000000195b0       0xc5 Core/Src/main.o
 .debug_macro   0x0000000000019675      0x19f Core/Src/main.o
 .debug_macro   0x0000000000019814     0x166e Core/Src/main.o
 .debug_macro   0x000000000001ae82      0x22c Core/Src/main.o
 .debug_macro   0x000000000001b0ae       0x5b Core/Src/main.o
 .debug_macro   0x000000000001b109       0xa5 Core/Src/main.o
 .debug_macro   0x000000000001b1ae       0x81 Core/Src/main.o
 .debug_macro   0x000000000001b22f       0xd3 Core/Src/main.o
 .debug_macro   0x000000000001b302      0x2fe Core/Src/main.o
 .debug_macro   0x000000000001b600      0x589 Core/Src/main.o
 .debug_macro   0x000000000001bb89       0x44 Core/Src/main.o
 .debug_macro   0x000000000001bbcd      0x2a1 Core/Src/main.o
 .debug_macro   0x000000000001be6e       0xf4 Core/Src/main.o
 .debug_macro   0x000000000001bf62       0x12 Core/Src/main.o
 .debug_macro   0x000000000001bf74       0x12 Core/Src/main.o
 .debug_macro   0x000000000001bf86       0x46 Core/Src/main.o
 .debug_macro   0x000000000001bfcc       0x18 Core/Src/main.o
 .debug_macro   0x000000000001bfe4       0x3c Core/Src/main.o
 .debug_macro   0x000000000001c020       0x34 Core/Src/main.o
 .debug_macro   0x000000000001c054       0x52 Core/Src/main.o
 .debug_macro   0x000000000001c0a6       0x1f Core/Src/main.o
 .debug_macro   0x000000000001c0c5       0x43 Core/Src/main.o
 .debug_macro   0x000000000001c108       0x20 Core/Src/main.o
 .debug_macro   0x000000000001c128      0x1a3 Core/Src/main.o
 .debug_macro   0x000000000001c2cb      0x32a Core/Src/main.o
 .debug_macro   0x000000000001c5f5       0x10 Core/Src/main.o
 .debug_macro   0x000000000001c605       0x35 Core/Src/main.o
 .debug_macro   0x000000000001c63a       0x20 Core/Src/main.o
 .debug_macro   0x000000000001c65a      0x1e1 Core/Src/main.o
 .debug_macro   0x000000000001c83b       0xd6 Core/Src/main.o
 .debug_macro   0x000000000001c911      0x1f0 Core/Src/stm32f3xx_hal_msp.o
 .debug_macro   0x000000000001cb01      0x1fa Core/Src/stm32f3xx_it.o
 .debug_macro   0x000000000001ccfb      0x1e7 Core/Src/system_stm32f3xx.o
 .debug_macro   0x000000000001cee2      0x205 Drivers/STM32F3xx_HAL_Driver/Src/stm32f3xx_hal.o
 .debug_macro   0x000000000001d0e7      0x1e2 Drivers/STM32F3xx_HAL_Driver/Src/stm32f3xx_hal_adc.o
 .debug_macro   0x000000000001d2c9      0x20b Drivers/STM32F3xx_HAL_Driver/Src/stm32f3xx_hal_adc_ex.o
 .debug_macro   0x000000000001d4d4      0x1e1 Drivers/STM32F3xx_HAL_Driver/Src/stm32f3xx_hal_cortex.o
 .debug_macro   0x000000000001d6b5      0x1e1 Drivers/STM32F3xx_HAL_Driver/Src/stm32f3xx_hal_dma.o
 .debug_macro   0x000000000001d896      0x219 Drivers/STM32F3xx_HAL_Driver/Src/stm32f3xx_hal_gpio.o
 .debug_macro   0x000000000001daaf      0x1fe Drivers/STM32F3xx_HAL_Driver/Src/stm32f3xx_hal_hrtim.o
 .debug_macro   0x000000000001dcad      0x205 Drivers/STM32F3xx_HAL_Driver/Src/stm32f3xx_hal_rcc.o
 .debug_macro   0x000000000001deb2      0x1e1 Drivers/STM32F3xx_HAL_Driver/Src/stm32f3xx_hal_rcc_ex.o
 .debug_macro   0x000000000001e093      0x1e9 Drivers/STM32F3xx_HAL_Driver/Src/stm32f3xx_hal_spi.o
 .debug_macro   0x000000000001e27c      0x1fe Drivers/STM32F3xx_HAL_Driver/Src/stm32f3xx_hal_uart.o

.debug_line     0x0000000000000000     0xc4f2
 .debug_line    0x0000000000000000      0xa29 Core/Src/main.o
 .debug_line    0x0000000000000a29      0x7dd Core/Src/stm32f3xx_hal_msp.o
 .debug_line    0x0000000000001206      0x78a Core/Src/stm32f3xx_it.o
 .debug_line    0x0000000000001990      0x6e0 Core/Src/system_stm32f3xx.o
 .debug_line    0x0000000000002070       0x85 Core/Startup/startup_stm32f334r8tx.o
 .debug_line    0x00000000000020f5      0x89d Drivers/STM32F3xx_HAL_Driver/Src/stm32f3xx_hal.o
 .debug_line    0x0000000000002992      0x84c Drivers/STM32F3xx_HAL_Driver/Src/stm32f3xx_hal_adc.o
 .debug_line    0x00000000000031de     0x1479 Drivers/STM32F3xx_HAL_Driver/Src/stm32f3xx_hal_adc_ex.o
 .debug_line    0x0000000000004657      0x974 Drivers/STM32F3xx_HAL_Driver/Src/stm32f3xx_hal_cortex.o
 .debug_line    0x0000000000004fcb      0x8d6 Drivers/STM32F3xx_HAL_Driver/Src/stm32f3xx_hal_dma.o
 .debug_line    0x00000000000058a1      0x83c Drivers/STM32F3xx_HAL_Driver/Src/stm32f3xx_hal_gpio.o
 .debug_line    0x00000000000060dd     0x269f Drivers/STM32F3xx_HAL_Driver/Src/stm32f3xx_hal_hrtim.o
 .debug_line    0x000000000000877c      0xe15 Drivers/STM32F3xx_HAL_Driver/Src/stm32f3xx_hal_rcc.o
 .debug_line    0x0000000000009591      0x883 Drivers/STM32F3xx_HAL_Driver/Src/stm32f3xx_hal_rcc_ex.o
 .debug_line    0x0000000000009e14     0x113e Drivers/STM32F3xx_HAL_Driver/Src/stm32f3xx_hal_spi.o
 .debug_line    0x000000000000af52     0x116f Drivers/STM32F3xx_HAL_Driver/Src/stm32f3xx_hal_uart.o
 .debug_line    0x000000000000c0c1      0x156 ../Lib/libarm_cortexM4lf_math.a(arm_pid_init_f32.o)
 .debug_line    0x000000000000c217      0x166 ../Lib/libarm_cortexM4lf_math.a(arm_sub_f32.o)
 .debug_line    0x000000000000c37d      0x175 ../Lib/libarm_cortexM4lf_math.a(arm_mult_f32.o)

.debug_str      0x0000000000000000    0xbd3fb
 .debug_str     0x0000000000000000    0xb946f Core/Src/main.o
                                      0xb9959 (size before relaxing)
 .debug_str     0x00000000000b946f      0x101 Core/Src/stm32f3xx_hal_msp.o
                                      0xb518c (size before relaxing)
 .debug_str     0x00000000000b9570       0xef Core/Src/stm32f3xx_it.o
                                      0xb46e6 (size before relaxing)
 .debug_str     0x00000000000b965f       0xc7 Core/Src/system_stm32f3xx.o
                                      0xb41b6 (size before relaxing)
 .debug_str     0x00000000000b9726       0x36 Core/Startup/startup_stm32f334r8tx.o
                                         0x72 (size before relaxing)
 .debug_str     0x00000000000b975c      0x3d9 Drivers/STM32F3xx_HAL_Driver/Src/stm32f3xx_hal.o
                                      0xb4868 (size before relaxing)
 .debug_str     0x00000000000b9b35      0x22a Drivers/STM32F3xx_HAL_Driver/Src/stm32f3xx_hal_adc.o
                                      0xb47cd (size before relaxing)
 .debug_str     0x00000000000b9d5f      0x6bf Drivers/STM32F3xx_HAL_Driver/Src/stm32f3xx_hal_adc_ex.o
                                      0xb4dfa (size before relaxing)
 .debug_str     0x00000000000ba41e      0x2a0 Drivers/STM32F3xx_HAL_Driver/Src/stm32f3xx_hal_cortex.o
                                      0xb4849 (size before relaxing)
 .debug_str     0x00000000000ba6be      0x23c Drivers/STM32F3xx_HAL_Driver/Src/stm32f3xx_hal_dma.o
                                      0xb451c (size before relaxing)
 .debug_str     0x00000000000ba8fa      0x250 Drivers/STM32F3xx_HAL_Driver/Src/stm32f3xx_hal_gpio.o
                                      0xb447a (size before relaxing)
 .debug_str     0x00000000000bab4a     0x1542 Drivers/STM32F3xx_HAL_Driver/Src/stm32f3xx_hal_hrtim.o
                                      0xb5fb3 (size before relaxing)
 .debug_str     0x00000000000bc08c      0x304 Drivers/STM32F3xx_HAL_Driver/Src/stm32f3xx_hal_rcc.o
                                      0xb4610 (size before relaxing)
 .debug_str     0x00000000000bc390       0xd8 Drivers/STM32F3xx_HAL_Driver/Src/stm32f3xx_hal_rcc_ex.o
                                      0xb4339 (size before relaxing)
 .debug_str     0x00000000000bc468      0x566 Drivers/STM32F3xx_HAL_Driver/Src/stm32f3xx_hal_spi.o
                                      0xb4a6f (size before relaxing)
 .debug_str     0x00000000000bc9ce      0x7e2 Drivers/STM32F3xx_HAL_Driver/Src/stm32f3xx_hal_uart.o
                                      0xb4d70 (size before relaxing)
 .debug_str     0x00000000000bd1b0      0x177 ../Lib/libarm_cortexM4lf_math.a(arm_pid_init_f32.o)
                                        0x250 (size before relaxing)
 .debug_str     0x00000000000bd327       0x84 ../Lib/libarm_cortexM4lf_math.a(arm_sub_f32.o)
                                        0x267 (size before relaxing)
 .debug_str     0x00000000000bd3ab       0x50 ../Lib/libarm_cortexM4lf_math.a(arm_mult_f32.o)
                                        0x27d (size before relaxing)

.comment        0x0000000000000000       0xe9
 .comment       0x0000000000000000       0x7b Core/Src/main.o
                                         0x7c (size before relaxing)
 .comment       0x000000000000007b       0x7c Core/Src/stm32f3xx_hal_msp.o
 .comment       0x000000000000007b       0x7c Core/Src/stm32f3xx_it.o
 .comment       0x000000000000007b       0x7c Core/Src/system_stm32f3xx.o
 .comment       0x000000000000007b       0x7c Drivers/STM32F3xx_HAL_Driver/Src/stm32f3xx_hal.o
 .comment       0x000000000000007b       0x7c Drivers/STM32F3xx_HAL_Driver/Src/stm32f3xx_hal_adc.o
 .comment       0x000000000000007b       0x7c Drivers/STM32F3xx_HAL_Driver/Src/stm32f3xx_hal_adc_ex.o
 .comment       0x000000000000007b       0x7c Drivers/STM32F3xx_HAL_Driver/Src/stm32f3xx_hal_cortex.o
 .comment       0x000000000000007b       0x7c Drivers/STM32F3xx_HAL_Driver/Src/stm32f3xx_hal_dma.o
 .comment       0x000000000000007b       0x7c Drivers/STM32F3xx_HAL_Driver/Src/stm32f3xx_hal_gpio.o
 .comment       0x000000000000007b       0x7c Drivers/STM32F3xx_HAL_Driver/Src/stm32f3xx_hal_hrtim.o
 .comment       0x000000000000007b       0x7c Drivers/STM32F3xx_HAL_Driver/Src/stm32f3xx_hal_rcc.o
 .comment       0x000000000000007b       0x7c Drivers/STM32F3xx_HAL_Driver/Src/stm32f3xx_hal_rcc_ex.o
 .comment       0x000000000000007b       0x7c Drivers/STM32F3xx_HAL_Driver/Src/stm32f3xx_hal_spi.o
 .comment       0x000000000000007b       0x7c Drivers/STM32F3xx_HAL_Driver/Src/stm32f3xx_hal_uart.o
 .comment       0x000000000000007b       0x6e ../Lib/libarm_cortexM4lf_math.a(arm_pid_init_f32.o)
                                         0x6f (size before relaxing)
 .comment       0x00000000000000e9       0x6f ../Lib/libarm_cortexM4lf_math.a(arm_sub_f32.o)
 .comment       0x00000000000000e9       0x6f ../Lib/libarm_cortexM4lf_math.a(arm_mult_f32.o)

.debug_frame    0x0000000000000000     0x41c0
 .debug_frame   0x0000000000000000      0x164 Core/Src/main.o
 .debug_frame   0x0000000000000164      0x180 Core/Src/stm32f3xx_hal_msp.o
 .debug_frame   0x00000000000002e4      0x144 Core/Src/stm32f3xx_it.o
 .debug_frame   0x0000000000000428       0x58 Core/Src/system_stm32f3xx.o
 .debug_frame   0x0000000000000480      0x334 Drivers/STM32F3xx_HAL_Driver/Src/stm32f3xx_hal.o
 .debug_frame   0x00000000000007b4      0x380 Drivers/STM32F3xx_HAL_Driver/Src/stm32f3xx_hal_adc.o
 .debug_frame   0x0000000000000b34      0x638 Drivers/STM32F3xx_HAL_Driver/Src/stm32f3xx_hal_adc_ex.o
 .debug_frame   0x000000000000116c      0x428 Drivers/STM32F3xx_HAL_Driver/Src/stm32f3xx_hal_cortex.o
 .debug_frame   0x0000000000001594      0x224 Drivers/STM32F3xx_HAL_Driver/Src/stm32f3xx_hal_dma.o
 .debug_frame   0x00000000000017b8      0x14c Drivers/STM32F3xx_HAL_Driver/Src/stm32f3xx_hal_gpio.o
 .debug_frame   0x0000000000001904     0x1358 Drivers/STM32F3xx_HAL_Driver/Src/stm32f3xx_hal_hrtim.o
 .debug_frame   0x0000000000002c5c      0x214 Drivers/STM32F3xx_HAL_Driver/Src/stm32f3xx_hal_rcc.o
 .debug_frame   0x0000000000002e70       0xb4 Drivers/STM32F3xx_HAL_Driver/Src/stm32f3xx_hal_rcc_ex.o
 .debug_frame   0x0000000000002f24      0x860 Drivers/STM32F3xx_HAL_Driver/Src/stm32f3xx_hal_spi.o
 .debug_frame   0x0000000000003784      0x970 Drivers/STM32F3xx_HAL_Driver/Src/stm32f3xx_hal_uart.o
 .debug_frame   0x00000000000040f4       0x20 ../Lib/libarm_cortexM4lf_math.a(arm_pid_init_f32.o)
 .debug_frame   0x0000000000004114       0x30 ../Lib/libarm_cortexM4lf_math.a(arm_sub_f32.o)
 .debug_frame   0x0000000000004144       0x30 ../Lib/libarm_cortexM4lf_math.a(arm_mult_f32.o)
 .debug_frame   0x0000000000004174       0x2c /opt/st/stm32cubeide_1.4.0/plugins/com.st.stm32cube.ide.mcu.externaltools.gnu-tools-for-stm32.7-2018-q2-update.linux64_1.4.0.202007081208/tools/bin/../lib/gcc/arm-none-eabi/7.3.1/../../../../arm-none-eabi/lib/thumb/v7e-m/fpv4-sp/hard/libc_nano.a(lib_a-init.o)
 .debug_frame   0x00000000000041a0       0x20 /opt/st/stm32cubeide_1.4.0/plugins/com.st.stm32cube.ide.mcu.externaltools.gnu-tools-for-stm32.7-2018-q2-update.linux64_1.4.0.202007081208/tools/bin/../lib/gcc/arm-none-eabi/7.3.1/../../../../arm-none-eabi/lib/thumb/v7e-m/fpv4-sp/hard/libc_nano.a(lib_a-memset.o)

.debug_loc      0x0000000000000000      0x44e
 .debug_loc     0x0000000000000000      0x1fc ../Lib/libarm_cortexM4lf_math.a(arm_sub_f32.o)
 .debug_loc     0x00000000000001fc      0x252 ../Lib/libarm_cortexM4lf_math.a(arm_mult_f32.o)
